Archive member included to satisfy reference by file (symbol)

c:/users/dj6dvj/myfiles/programming/tools/arm_gnu_toolchain/gcc-arm-none-eabi-10-2020-q4-major/bin/../lib/gcc/arm-none-eabi/10.2.1/../../../../arm-none-eabi/lib/thumb/v7-m/nofp\libc_nano.a(lib_a-exit.o)
                              c:/users/dj6dvj/myfiles/programming/tools/arm_gnu_toolchain/gcc-arm-none-eabi-10-2020-q4-major/bin/../lib/gcc/arm-none-eabi/10.2.1/../../../../arm-none-eabi/lib/thumb/v7-m/nofp/crt0.o (exit)
c:/users/dj6dvj/myfiles/programming/tools/arm_gnu_toolchain/gcc-arm-none-eabi-10-2020-q4-major/bin/../lib/gcc/arm-none-eabi/10.2.1/../../../../arm-none-eabi/lib/thumb/v7-m/nofp\libc_nano.a(lib_a-impure.o)
                              c:/users/dj6dvj/myfiles/programming/tools/arm_gnu_toolchain/gcc-arm-none-eabi-10-2020-q4-major/bin/../lib/gcc/arm-none-eabi/10.2.1/../../../../arm-none-eabi/lib/thumb/v7-m/nofp\libc_nano.a(lib_a-exit.o) (_global_impure_ptr)
c:/users/dj6dvj/myfiles/programming/tools/arm_gnu_toolchain/gcc-arm-none-eabi-10-2020-q4-major/bin/../lib/gcc/arm-none-eabi/10.2.1/../../../../arm-none-eabi/lib/thumb/v7-m/nofp\libc_nano.a(lib_a-init.o)
                              c:/users/dj6dvj/myfiles/programming/tools/arm_gnu_toolchain/gcc-arm-none-eabi-10-2020-q4-major/bin/../lib/gcc/arm-none-eabi/10.2.1/../../../../arm-none-eabi/lib/thumb/v7-m/nofp/crt0.o (__libc_init_array)
c:/users/dj6dvj/myfiles/programming/tools/arm_gnu_toolchain/gcc-arm-none-eabi-10-2020-q4-major/bin/../lib/gcc/arm-none-eabi/10.2.1/../../../../arm-none-eabi/lib/thumb/v7-m/nofp\libc_nano.a(lib_a-memset.o)
                              c:/users/dj6dvj/myfiles/programming/tools/arm_gnu_toolchain/gcc-arm-none-eabi-10-2020-q4-major/bin/../lib/gcc/arm-none-eabi/10.2.1/../../../../arm-none-eabi/lib/thumb/v7-m/nofp/crt0.o (memset)
c:/users/dj6dvj/myfiles/programming/tools/arm_gnu_toolchain/gcc-arm-none-eabi-10-2020-q4-major/bin/../lib/gcc/arm-none-eabi/10.2.1/../../../../arm-none-eabi/lib/thumb/v7-m/nofp\libnosys.a(_exit.o)
                              c:/users/dj6dvj/myfiles/programming/tools/arm_gnu_toolchain/gcc-arm-none-eabi-10-2020-q4-major/bin/../lib/gcc/arm-none-eabi/10.2.1/../../../../arm-none-eabi/lib/thumb/v7-m/nofp\libc_nano.a(lib_a-exit.o) (_exit)

Discarded input sections

 .text          0x00000000        0x0 c:/users/dj6dvj/myfiles/programming/tools/arm_gnu_toolchain/gcc-arm-none-eabi-10-2020-q4-major/bin/../lib/gcc/arm-none-eabi/10.2.1/thumb/v7-m/nofp/crti.o
 .data          0x00000000        0x0 c:/users/dj6dvj/myfiles/programming/tools/arm_gnu_toolchain/gcc-arm-none-eabi-10-2020-q4-major/bin/../lib/gcc/arm-none-eabi/10.2.1/thumb/v7-m/nofp/crti.o
 .bss           0x00000000        0x0 c:/users/dj6dvj/myfiles/programming/tools/arm_gnu_toolchain/gcc-arm-none-eabi-10-2020-q4-major/bin/../lib/gcc/arm-none-eabi/10.2.1/thumb/v7-m/nofp/crti.o
 .data          0x00000000        0x4 c:/users/dj6dvj/myfiles/programming/tools/arm_gnu_toolchain/gcc-arm-none-eabi-10-2020-q4-major/bin/../lib/gcc/arm-none-eabi/10.2.1/thumb/v7-m/nofp/crtbegin.o
 .rodata        0x00000000       0x24 c:/users/dj6dvj/myfiles/programming/tools/arm_gnu_toolchain/gcc-arm-none-eabi-10-2020-q4-major/bin/../lib/gcc/arm-none-eabi/10.2.1/thumb/v7-m/nofp/crtbegin.o
 .text          0x00000000       0x7c c:/users/dj6dvj/myfiles/programming/tools/arm_gnu_toolchain/gcc-arm-none-eabi-10-2020-q4-major/bin/../lib/gcc/arm-none-eabi/10.2.1/../../../../arm-none-eabi/lib/thumb/v7-m/nofp/crt0.o
 .data          0x00000000        0x0 c:/users/dj6dvj/myfiles/programming/tools/arm_gnu_toolchain/gcc-arm-none-eabi-10-2020-q4-major/bin/../lib/gcc/arm-none-eabi/10.2.1/../../../../arm-none-eabi/lib/thumb/v7-m/nofp/crt0.o
 .bss           0x00000000        0x0 c:/users/dj6dvj/myfiles/programming/tools/arm_gnu_toolchain/gcc-arm-none-eabi-10-2020-q4-major/bin/../lib/gcc/arm-none-eabi/10.2.1/../../../../arm-none-eabi/lib/thumb/v7-m/nofp/crt0.o
 .ARM.extab     0x00000000        0x0 c:/users/dj6dvj/myfiles/programming/tools/arm_gnu_toolchain/gcc-arm-none-eabi-10-2020-q4-major/bin/../lib/gcc/arm-none-eabi/10.2.1/../../../../arm-none-eabi/lib/thumb/v7-m/nofp/crt0.o
 .ARM.exidx     0x00000000       0x10 c:/users/dj6dvj/myfiles/programming/tools/arm_gnu_toolchain/gcc-arm-none-eabi-10-2020-q4-major/bin/../lib/gcc/arm-none-eabi/10.2.1/../../../../arm-none-eabi/lib/thumb/v7-m/nofp/crt0.o
 .ARM.attributes
                0x00000000       0x1b c:/users/dj6dvj/myfiles/programming/tools/arm_gnu_toolchain/gcc-arm-none-eabi-10-2020-q4-major/bin/../lib/gcc/arm-none-eabi/10.2.1/../../../../arm-none-eabi/lib/thumb/v7-m/nofp/crt0.o
 .text          0x00000000        0x0 build/main.o
 .data          0x00000000        0x0 build/main.o
 .bss           0x00000000        0x0 build/main.o
 .text.Error_Handler
                0x00000000        0x2 build/main.o
 .text          0x00000000        0x0 build/stm32f1xx_it.o
 .data          0x00000000        0x0 build/stm32f1xx_it.o
 .bss           0x00000000        0x0 build/stm32f1xx_it.o
 .text          0x00000000        0x0 build/stm32f1xx_hal_msp.o
 .data          0x00000000        0x0 build/stm32f1xx_hal_msp.o
 .bss           0x00000000        0x0 build/stm32f1xx_hal_msp.o
 .text.HAL_UART_MspDeInit
                0x00000000       0x2c build/stm32f1xx_hal_msp.o
 .text          0x00000000        0x0 build/stm32f1xx_hal_gpio_ex.o
 .data          0x00000000        0x0 build/stm32f1xx_hal_gpio_ex.o
 .bss           0x00000000        0x0 build/stm32f1xx_hal_gpio_ex.o
 .text.HAL_GPIOEx_ConfigEventout
                0x00000000       0x14 build/stm32f1xx_hal_gpio_ex.o
 .text.HAL_GPIOEx_EnableEventout
                0x00000000       0x10 build/stm32f1xx_hal_gpio_ex.o
 .text.HAL_GPIOEx_DisableEventout
                0x00000000       0x10 build/stm32f1xx_hal_gpio_ex.o
 .debug_info    0x00000000      0x176 build/stm32f1xx_hal_gpio_ex.o
 .debug_abbrev  0x00000000       0xdc build/stm32f1xx_hal_gpio_ex.o
 .debug_loc     0x00000000       0x25 build/stm32f1xx_hal_gpio_ex.o
 .debug_aranges
                0x00000000       0x30 build/stm32f1xx_hal_gpio_ex.o
 .debug_ranges  0x00000000       0x20 build/stm32f1xx_hal_gpio_ex.o
 .debug_line    0x00000000      0x1f9 build/stm32f1xx_hal_gpio_ex.o
 .debug_str     0x00000000      0x255 build/stm32f1xx_hal_gpio_ex.o
 .comment       0x00000000       0x4e build/stm32f1xx_hal_gpio_ex.o
 .debug_frame   0x00000000       0x40 build/stm32f1xx_hal_gpio_ex.o
 .ARM.attributes
                0x00000000       0x2d build/stm32f1xx_hal_gpio_ex.o
 .text          0x00000000        0x0 build/stm32f1xx_hal_tim.o
 .data          0x00000000        0x0 build/stm32f1xx_hal_tim.o
 .bss           0x00000000        0x0 build/stm32f1xx_hal_tim.o
 .debug_info    0x00000000       0x6b build/stm32f1xx_hal_tim.o
 .debug_abbrev  0x00000000       0x26 build/stm32f1xx_hal_tim.o
 .debug_aranges
                0x00000000       0x18 build/stm32f1xx_hal_tim.o
 .debug_line    0x00000000       0x1d build/stm32f1xx_hal_tim.o
 .debug_str     0x00000000      0x1a1 build/stm32f1xx_hal_tim.o
 .comment       0x00000000       0x4e build/stm32f1xx_hal_tim.o
 .ARM.attributes
                0x00000000       0x33 build/stm32f1xx_hal_tim.o
 .text          0x00000000        0x0 build/stm32f1xx_hal_tim_ex.o
 .data          0x00000000        0x0 build/stm32f1xx_hal_tim_ex.o
 .bss           0x00000000        0x0 build/stm32f1xx_hal_tim_ex.o
 .debug_info    0x00000000       0x6b build/stm32f1xx_hal_tim_ex.o
 .debug_abbrev  0x00000000       0x26 build/stm32f1xx_hal_tim_ex.o
 .debug_aranges
                0x00000000       0x18 build/stm32f1xx_hal_tim_ex.o
 .debug_line    0x00000000       0x1d build/stm32f1xx_hal_tim_ex.o
 .debug_str     0x00000000      0x1a4 build/stm32f1xx_hal_tim_ex.o
 .comment       0x00000000       0x4e build/stm32f1xx_hal_tim_ex.o
 .ARM.attributes
                0x00000000       0x33 build/stm32f1xx_hal_tim_ex.o
 .text          0x00000000        0x0 build/stm32f1xx_hal_uart.o
 .data          0x00000000        0x0 build/stm32f1xx_hal_uart.o
 .bss           0x00000000        0x0 build/stm32f1xx_hal_uart.o
 .text.UART_EndTxTransfer
                0x00000000       0x12 build/stm32f1xx_hal_uart.o
 .text.UART_EndRxTransfer
                0x00000000       0x1c build/stm32f1xx_hal_uart.o
 .text.UART_Transmit_IT
                0x00000000       0x60 build/stm32f1xx_hal_uart.o
 .text.UART_WaitOnFlagUntilTimeout
                0x00000000       0x6c build/stm32f1xx_hal_uart.o
 .text.HAL_UART_MspInit
                0x00000000        0x2 build/stm32f1xx_hal_uart.o
 .text.HAL_HalfDuplex_Init
                0x00000000       0x6a build/stm32f1xx_hal_uart.o
 .text.HAL_LIN_Init
                0x00000000       0x80 build/stm32f1xx_hal_uart.o
 .text.HAL_MultiProcessor_Init
                0x00000000       0x8a build/stm32f1xx_hal_uart.o
 .text.HAL_UART_MspDeInit
                0x00000000        0x2 build/stm32f1xx_hal_uart.o
 .text.HAL_UART_DeInit
                0x00000000       0x30 build/stm32f1xx_hal_uart.o
 .text.HAL_UART_Transmit
                0x00000000       0xd8 build/stm32f1xx_hal_uart.o
 .text.HAL_UART_Receive
                0x00000000       0xe2 build/stm32f1xx_hal_uart.o
 .text.HAL_UART_Transmit_IT
                0x00000000       0x4e build/stm32f1xx_hal_uart.o
 .text.HAL_UART_Receive_IT
                0x00000000       0x62 build/stm32f1xx_hal_uart.o
 .text.HAL_UART_Transmit_DMA
                0x00000000       0x8c build/stm32f1xx_hal_uart.o
 .text.HAL_UART_Receive_DMA
                0x00000000       0xa8 build/stm32f1xx_hal_uart.o
 .text.HAL_UART_DMAPause
                0x00000000       0x70 build/stm32f1xx_hal_uart.o
 .text.HAL_UART_DMAResume
                0x00000000       0x76 build/stm32f1xx_hal_uart.o
 .text.HAL_UART_DMAStop
                0x00000000       0x64 build/stm32f1xx_hal_uart.o
 .text.HAL_UART_Abort
                0x00000000       0x94 build/stm32f1xx_hal_uart.o
 .text.HAL_UART_AbortTransmit
                0x00000000       0x4e build/stm32f1xx_hal_uart.o
 .text.HAL_UART_AbortReceive
                0x00000000       0x58 build/stm32f1xx_hal_uart.o
 .text.HAL_UART_TxCpltCallback
                0x00000000        0x2 build/stm32f1xx_hal_uart.o
 .text.UART_DMATransmitCplt
                0x00000000       0x30 build/stm32f1xx_hal_uart.o
 .text.UART_EndTransmit_IT
                0x00000000       0x1a build/stm32f1xx_hal_uart.o
 .text.HAL_UART_TxHalfCpltCallback
                0x00000000        0x2 build/stm32f1xx_hal_uart.o
 .text.UART_DMATxHalfCplt
                0x00000000        0xa build/stm32f1xx_hal_uart.o
 .text.HAL_UART_RxCpltCallback
                0x00000000        0x2 build/stm32f1xx_hal_uart.o
 .text.UART_DMAReceiveCplt
                0x00000000       0x3e build/stm32f1xx_hal_uart.o
 .text.UART_Receive_IT
                0x00000000       0x94 build/stm32f1xx_hal_uart.o
 .text.HAL_UART_RxHalfCpltCallback
                0x00000000        0x2 build/stm32f1xx_hal_uart.o
 .text.UART_DMARxHalfCplt
                0x00000000        0xa build/stm32f1xx_hal_uart.o
 .text.HAL_UART_ErrorCallback
                0x00000000        0x2 build/stm32f1xx_hal_uart.o
 .text.UART_DMAError
                0x00000000       0x58 build/stm32f1xx_hal_uart.o
 .text.HAL_UART_IRQHandler
                0x00000000      0x128 build/stm32f1xx_hal_uart.o
 .text.UART_DMAAbortOnError
                0x00000000       0x10 build/stm32f1xx_hal_uart.o
 .text.HAL_UART_AbortCpltCallback
                0x00000000        0x2 build/stm32f1xx_hal_uart.o
 .text.HAL_UART_Abort_IT
                0x00000000       0xc4 build/stm32f1xx_hal_uart.o
 .text.UART_DMARxAbortCallback
                0x00000000       0x2a build/stm32f1xx_hal_uart.o
 .text.UART_DMATxAbortCallback
                0x00000000       0x2a build/stm32f1xx_hal_uart.o
 .text.HAL_UART_AbortTransmitCpltCallback
                0x00000000        0x2 build/stm32f1xx_hal_uart.o
 .text.HAL_UART_AbortTransmit_IT
                0x00000000       0x60 build/stm32f1xx_hal_uart.o
 .text.UART_DMATxOnlyAbortCallback
                0x00000000       0x14 build/stm32f1xx_hal_uart.o
 .text.HAL_UART_AbortReceiveCpltCallback
                0x00000000        0x2 build/stm32f1xx_hal_uart.o
 .text.HAL_UART_AbortReceive_IT
                0x00000000       0x68 build/stm32f1xx_hal_uart.o
 .text.UART_DMARxOnlyAbortCallback
                0x00000000       0x14 build/stm32f1xx_hal_uart.o
 .text.HAL_LIN_SendBreak
                0x00000000       0x32 build/stm32f1xx_hal_uart.o
 .text.HAL_MultiProcessor_EnterMuteMode
                0x00000000       0x32 build/stm32f1xx_hal_uart.o
 .text.HAL_MultiProcessor_ExitMuteMode
                0x00000000       0x32 build/stm32f1xx_hal_uart.o
 .text.HAL_HalfDuplex_EnableTransmitter
                0x00000000       0x36 build/stm32f1xx_hal_uart.o
 .text.HAL_HalfDuplex_EnableReceiver
                0x00000000       0x36 build/stm32f1xx_hal_uart.o
 .text.HAL_UART_GetState
                0x00000000        0xc build/stm32f1xx_hal_uart.o
 .text.HAL_UART_GetError
                0x00000000        0x4 build/stm32f1xx_hal_uart.o
 .text          0x00000000        0x0 build/stm32f1xx_hal.o
 .data          0x00000000        0x0 build/stm32f1xx_hal.o
 .bss           0x00000000        0x0 build/stm32f1xx_hal.o
 .text.HAL_MspInit
                0x00000000        0x2 build/stm32f1xx_hal.o
 .text.HAL_MspDeInit
                0x00000000        0x2 build/stm32f1xx_hal.o
 .text.HAL_DeInit
                0x00000000       0x20 build/stm32f1xx_hal.o
 .text.HAL_GetTickPrio
                0x00000000        0xc build/stm32f1xx_hal.o
 .text.HAL_SetTickFreq
                0x00000000       0x2c build/stm32f1xx_hal.o
 .text.HAL_GetTickFreq
                0x00000000        0xc build/stm32f1xx_hal.o
 .text.HAL_SuspendTick
                0x00000000        0xe build/stm32f1xx_hal.o
 .text.HAL_ResumeTick
                0x00000000        0xe build/stm32f1xx_hal.o
 .text.HAL_GetHalVersion
                0x00000000        0x8 build/stm32f1xx_hal.o
 .text.HAL_GetREVID
                0x00000000        0xc build/stm32f1xx_hal.o
 .text.HAL_GetDEVID
                0x00000000       0x10 build/stm32f1xx_hal.o
 .text.HAL_GetUIDw0
                0x00000000        0xc build/stm32f1xx_hal.o
 .text.HAL_GetUIDw1
                0x00000000        0xc build/stm32f1xx_hal.o
 .text.HAL_GetUIDw2
                0x00000000        0xc build/stm32f1xx_hal.o
 .text.HAL_DBGMCU_EnableDBGSleepMode
                0x00000000       0x10 build/stm32f1xx_hal.o
 .text.HAL_DBGMCU_DisableDBGSleepMode
                0x00000000       0x10 build/stm32f1xx_hal.o
 .text.HAL_DBGMCU_EnableDBGStopMode
                0x00000000       0x10 build/stm32f1xx_hal.o
 .text.HAL_DBGMCU_DisableDBGStopMode
                0x00000000       0x10 build/stm32f1xx_hal.o
 .text.HAL_DBGMCU_EnableDBGStandbyMode
                0x00000000       0x10 build/stm32f1xx_hal.o
 .text.HAL_DBGMCU_DisableDBGStandbyMode
                0x00000000       0x10 build/stm32f1xx_hal.o
 .text          0x00000000        0x0 build/stm32f1xx_hal_rcc.o
 .data          0x00000000        0x0 build/stm32f1xx_hal_rcc.o
 .bss           0x00000000        0x0 build/stm32f1xx_hal_rcc.o
 .text.HAL_RCC_DeInit
                0x00000000       0xf4 build/stm32f1xx_hal_rcc.o
 .text.HAL_RCC_MCOConfig
                0x00000000       0x50 build/stm32f1xx_hal_rcc.o
 .text.HAL_RCC_EnableCSS
                0x00000000        0xc build/stm32f1xx_hal_rcc.o
 .text.HAL_RCC_DisableCSS
                0x00000000        0xc build/stm32f1xx_hal_rcc.o
 .text.HAL_RCC_GetOscConfig
                0x00000000       0xb4 build/stm32f1xx_hal_rcc.o
 .text.HAL_RCC_GetClockConfig
                0x00000000       0x3c build/stm32f1xx_hal_rcc.o
 .text.HAL_RCC_CSSCallback
                0x00000000        0x2 build/stm32f1xx_hal_rcc.o
 .text.HAL_RCC_NMI_IRQHandler
                0x00000000       0x20 build/stm32f1xx_hal_rcc.o
 .text          0x00000000        0x0 build/stm32f1xx_hal_rcc_ex.o
 .data          0x00000000        0x0 build/stm32f1xx_hal_rcc_ex.o
 .bss           0x00000000        0x0 build/stm32f1xx_hal_rcc_ex.o
 .text.HAL_RCCEx_PeriphCLKConfig
                0x00000000      0x118 build/stm32f1xx_hal_rcc_ex.o
 .text.HAL_RCCEx_GetPeriphCLKConfig
                0x00000000       0x2c build/stm32f1xx_hal_rcc_ex.o
 .rodata.HAL_RCCEx_GetPeriphCLKFreq.str1.4
                0x00000000       0x11 build/stm32f1xx_hal_rcc_ex.o
 .text.HAL_RCCEx_GetPeriphCLKFreq
                0x00000000       0xfc build/stm32f1xx_hal_rcc_ex.o
 .debug_info    0x00000000      0x479 build/stm32f1xx_hal_rcc_ex.o
 .debug_abbrev  0x00000000      0x1d5 build/stm32f1xx_hal_rcc_ex.o
 .debug_loc     0x00000000      0x444 build/stm32f1xx_hal_rcc_ex.o
 .debug_aranges
                0x00000000       0x30 build/stm32f1xx_hal_rcc_ex.o
 .debug_ranges  0x00000000       0x38 build/stm32f1xx_hal_rcc_ex.o
 .debug_line    0x00000000      0x4da build/stm32f1xx_hal_rcc_ex.o
 .debug_str     0x00000000      0x3d1 build/stm32f1xx_hal_rcc_ex.o
 .comment       0x00000000       0x4e build/stm32f1xx_hal_rcc_ex.o
 .debug_frame   0x00000000       0x64 build/stm32f1xx_hal_rcc_ex.o
 .ARM.attributes
                0x00000000       0x2d build/stm32f1xx_hal_rcc_ex.o
 .text          0x00000000        0x0 build/stm32f1xx_hal_gpio.o
 .data          0x00000000        0x0 build/stm32f1xx_hal_gpio.o
 .bss           0x00000000        0x0 build/stm32f1xx_hal_gpio.o
 .text.HAL_GPIO_DeInit
                0x00000000      0x100 build/stm32f1xx_hal_gpio.o
 .text.HAL_GPIO_ReadPin
                0x00000000        0xe build/stm32f1xx_hal_gpio.o
 .text.HAL_GPIO_TogglePin
                0x00000000       0x12 build/stm32f1xx_hal_gpio.o
 .text.HAL_GPIO_LockPin
                0x00000000       0x2e build/stm32f1xx_hal_gpio.o
 .text          0x00000000        0x0 build/stm32f1xx_hal_dma.o
 .data          0x00000000        0x0 build/stm32f1xx_hal_dma.o
 .bss           0x00000000        0x0 build/stm32f1xx_hal_dma.o
 .text.DMA_SetConfig
                0x00000000       0x2c build/stm32f1xx_hal_dma.o
 .text.HAL_DMA_Init
                0x00000000       0x6c build/stm32f1xx_hal_dma.o
 .text.HAL_DMA_DeInit
                0x00000000       0x68 build/stm32f1xx_hal_dma.o
 .text.HAL_DMA_Start
                0x00000000       0x50 build/stm32f1xx_hal_dma.o
 .text.HAL_DMA_Start_IT
                0x00000000       0x74 build/stm32f1xx_hal_dma.o
 .text.HAL_DMA_Abort
                0x00000000       0x44 build/stm32f1xx_hal_dma.o
 .text.HAL_DMA_Abort_IT
                0x00000000       0x98 build/stm32f1xx_hal_dma.o
 .text.HAL_DMA_PollForTransfer
                0x00000000      0x22c build/stm32f1xx_hal_dma.o
 .text.HAL_DMA_IRQHandler
                0x00000000      0x144 build/stm32f1xx_hal_dma.o
 .text.HAL_DMA_RegisterCallback
                0x00000000       0x4a build/stm32f1xx_hal_dma.o
 .text.HAL_DMA_UnRegisterCallback
                0x00000000       0x5a build/stm32f1xx_hal_dma.o
 .text.HAL_DMA_GetState
                0x00000000        0x6 build/stm32f1xx_hal_dma.o
 .text.HAL_DMA_GetError
                0x00000000        0x4 build/stm32f1xx_hal_dma.o
 .debug_info    0x00000000      0x8bb build/stm32f1xx_hal_dma.o
 .debug_abbrev  0x00000000      0x244 build/stm32f1xx_hal_dma.o
 .debug_loc     0x00000000      0x901 build/stm32f1xx_hal_dma.o
 .debug_aranges
                0x00000000       0x80 build/stm32f1xx_hal_dma.o
 .debug_ranges  0x00000000       0x70 build/stm32f1xx_hal_dma.o
 .debug_line    0x00000000      0xa8f build/stm32f1xx_hal_dma.o
 .debug_str     0x00000000      0x5fb build/stm32f1xx_hal_dma.o
 .comment       0x00000000       0x4e build/stm32f1xx_hal_dma.o
 .debug_frame   0x00000000      0x144 build/stm32f1xx_hal_dma.o
 .ARM.attributes
                0x00000000       0x2d build/stm32f1xx_hal_dma.o
 .text          0x00000000        0x0 build/stm32f1xx_hal_cortex.o
 .data          0x00000000        0x0 build/stm32f1xx_hal_cortex.o
 .bss           0x00000000        0x0 build/stm32f1xx_hal_cortex.o
 .text.HAL_NVIC_DisableIRQ
                0x00000000       0x24 build/stm32f1xx_hal_cortex.o
 .text.HAL_NVIC_SystemReset
                0x00000000       0x24 build/stm32f1xx_hal_cortex.o
 .text.HAL_NVIC_GetPriorityGrouping
                0x00000000       0x10 build/stm32f1xx_hal_cortex.o
 .text.HAL_NVIC_GetPriority
                0x00000000       0x60 build/stm32f1xx_hal_cortex.o
 .text.HAL_NVIC_SetPendingIRQ
                0x00000000       0x1c build/stm32f1xx_hal_cortex.o
 .text.HAL_NVIC_GetPendingIRQ
                0x00000000       0x24 build/stm32f1xx_hal_cortex.o
 .text.HAL_NVIC_ClearPendingIRQ
                0x00000000       0x1c build/stm32f1xx_hal_cortex.o
 .text.HAL_NVIC_GetActive
                0x00000000       0x24 build/stm32f1xx_hal_cortex.o
 .text.HAL_SYSTICK_CLKSourceConfig
                0x00000000       0x20 build/stm32f1xx_hal_cortex.o
 .text.HAL_SYSTICK_Callback
                0x00000000        0x2 build/stm32f1xx_hal_cortex.o
 .text.HAL_SYSTICK_IRQHandler
                0x00000000        0x8 build/stm32f1xx_hal_cortex.o
 .text          0x00000000        0x0 build/stm32f1xx_hal_pwr.o
 .data          0x00000000        0x0 build/stm32f1xx_hal_pwr.o
 .bss           0x00000000        0x0 build/stm32f1xx_hal_pwr.o
 .text.PWR_OverloadWfe
                0x00000000        0x6 build/stm32f1xx_hal_pwr.o
 .text.HAL_PWR_DeInit
                0x00000000       0x18 build/stm32f1xx_hal_pwr.o
 .text.HAL_PWR_EnableBkUpAccess
                0x00000000        0xc build/stm32f1xx_hal_pwr.o
 .text.HAL_PWR_DisableBkUpAccess
                0x00000000        0xc build/stm32f1xx_hal_pwr.o
 .text.HAL_PWR_ConfigPVD
                0x00000000       0x84 build/stm32f1xx_hal_pwr.o
 .text.HAL_PWR_EnablePVD
                0x00000000        0xc build/stm32f1xx_hal_pwr.o
 .text.HAL_PWR_DisablePVD
                0x00000000        0xc build/stm32f1xx_hal_pwr.o
 .text.HAL_PWR_EnableWakeUpPin
                0x00000000       0x18 build/stm32f1xx_hal_pwr.o
 .text.HAL_PWR_DisableWakeUpPin
                0x00000000       0x18 build/stm32f1xx_hal_pwr.o
 .text.HAL_PWR_EnterSLEEPMode
                0x00000000       0x20 build/stm32f1xx_hal_pwr.o
 .text.HAL_PWR_EnterSTOPMode
                0x00000000       0x48 build/stm32f1xx_hal_pwr.o
 .text.HAL_PWR_EnterSTANDBYMode
                0x00000000       0x20 build/stm32f1xx_hal_pwr.o
 .text.HAL_PWR_EnableSleepOnExit
                0x00000000       0x10 build/stm32f1xx_hal_pwr.o
 .text.HAL_PWR_DisableSleepOnExit
                0x00000000       0x10 build/stm32f1xx_hal_pwr.o
 .text.HAL_PWR_EnableSEVOnPend
                0x00000000       0x10 build/stm32f1xx_hal_pwr.o
 .text.HAL_PWR_DisableSEVOnPend
                0x00000000       0x10 build/stm32f1xx_hal_pwr.o
 .text.HAL_PWR_PVDCallback
                0x00000000        0x2 build/stm32f1xx_hal_pwr.o
 .text.HAL_PWR_PVD_IRQHandler
                0x00000000       0x20 build/stm32f1xx_hal_pwr.o
 .debug_info    0x00000000      0x748 build/stm32f1xx_hal_pwr.o
 .debug_abbrev  0x00000000      0x1fc build/stm32f1xx_hal_pwr.o
 .debug_loc     0x00000000      0x182 build/stm32f1xx_hal_pwr.o
 .debug_aranges
                0x00000000       0xa8 build/stm32f1xx_hal_pwr.o
 .debug_ranges  0x00000000       0x98 build/stm32f1xx_hal_pwr.o
 .debug_line    0x00000000      0x49c build/stm32f1xx_hal_pwr.o
 .debug_str     0x00000000      0x499 build/stm32f1xx_hal_pwr.o
 .comment       0x00000000       0x4e build/stm32f1xx_hal_pwr.o
 .debug_frame   0x00000000      0x140 build/stm32f1xx_hal_pwr.o
 .ARM.attributes
                0x00000000       0x2d build/stm32f1xx_hal_pwr.o
 .text          0x00000000        0x0 build/stm32f1xx_hal_flash.o
 .data          0x00000000        0x0 build/stm32f1xx_hal_flash.o
 .bss           0x00000000        0x0 build/stm32f1xx_hal_flash.o
 .text.FLASH_Program_HalfWord
                0x00000000       0x1c build/stm32f1xx_hal_flash.o
 .text.FLASH_SetErrorCode
                0x00000000       0x70 build/stm32f1xx_hal_flash.o
 .text.HAL_FLASH_Program_IT
                0x00000000       0x6c build/stm32f1xx_hal_flash.o
 .text.HAL_FLASH_EndOfOperationCallback
                0x00000000        0x2 build/stm32f1xx_hal_flash.o
 .text.HAL_FLASH_OperationErrorCallback
                0x00000000        0x2 build/stm32f1xx_hal_flash.o
 .text.HAL_FLASH_IRQHandler
                0x00000000      0x154 build/stm32f1xx_hal_flash.o
 .text.HAL_FLASH_Unlock
                0x00000000       0x34 build/stm32f1xx_hal_flash.o
 .text.HAL_FLASH_Lock
                0x00000000       0x14 build/stm32f1xx_hal_flash.o
 .text.HAL_FLASH_OB_Unlock
                0x00000000       0x28 build/stm32f1xx_hal_flash.o
 .text.HAL_FLASH_OB_Lock
                0x00000000       0x14 build/stm32f1xx_hal_flash.o
 .text.HAL_FLASH_OB_Launch
                0x00000000        0x8 build/stm32f1xx_hal_flash.o
 .text.HAL_FLASH_GetError
                0x00000000        0xc build/stm32f1xx_hal_flash.o
 .text.FLASH_WaitForLastOperation
                0x00000000       0x68 build/stm32f1xx_hal_flash.o
 .text.HAL_FLASH_Program
                0x00000000       0xa0 build/stm32f1xx_hal_flash.o
 .bss.pFlash    0x00000000       0x20 build/stm32f1xx_hal_flash.o
 .debug_info    0x00000000      0x6fc build/stm32f1xx_hal_flash.o
 .debug_abbrev  0x00000000      0x26b build/stm32f1xx_hal_flash.o
 .debug_loc     0x00000000      0x442 build/stm32f1xx_hal_flash.o
 .debug_aranges
                0x00000000       0x88 build/stm32f1xx_hal_flash.o
 .debug_ranges  0x00000000       0x78 build/stm32f1xx_hal_flash.o
 .debug_line    0x00000000      0x7c4 build/stm32f1xx_hal_flash.o
 .debug_str     0x00000000      0x52d build/stm32f1xx_hal_flash.o
 .comment       0x00000000       0x4e build/stm32f1xx_hal_flash.o
 .debug_frame   0x00000000      0x134 build/stm32f1xx_hal_flash.o
 .ARM.attributes
                0x00000000       0x2d build/stm32f1xx_hal_flash.o
 .text          0x00000000        0x0 build/stm32f1xx_hal_flash_ex.o
 .data          0x00000000        0x0 build/stm32f1xx_hal_flash_ex.o
 .bss           0x00000000        0x0 build/stm32f1xx_hal_flash_ex.o
 .text.FLASH_MassErase
                0x00000000       0x24 build/stm32f1xx_hal_flash_ex.o
 .text.FLASH_OB_GetWRP
                0x00000000        0xc build/stm32f1xx_hal_flash_ex.o
 .text.FLASH_OB_GetRDP
                0x00000000       0x18 build/stm32f1xx_hal_flash_ex.o
 .text.FLASH_OB_GetUser
                0x00000000       0x10 build/stm32f1xx_hal_flash_ex.o
 .text.FLASH_OB_RDP_LevelConfig
                0x00000000       0x68 build/stm32f1xx_hal_flash_ex.o
 .text.FLASH_OB_UserConfig
                0x00000000       0x48 build/stm32f1xx_hal_flash_ex.o
 .text.FLASH_OB_ProgramData
                0x00000000       0x40 build/stm32f1xx_hal_flash_ex.o
 .text.HAL_FLASHEx_OBErase
                0x00000000       0x50 build/stm32f1xx_hal_flash_ex.o
 .text.FLASH_OB_EnableWRP
                0x00000000       0xc0 build/stm32f1xx_hal_flash_ex.o
 .text.FLASH_OB_DisableWRP
                0x00000000       0xc8 build/stm32f1xx_hal_flash_ex.o
 .text.HAL_FLASHEx_OBProgram
                0x00000000       0x9c build/stm32f1xx_hal_flash_ex.o
 .text.HAL_FLASHEx_OBGetConfig
                0x00000000       0x1c build/stm32f1xx_hal_flash_ex.o
 .text.HAL_FLASHEx_OBGetUserData
                0x00000000       0x24 build/stm32f1xx_hal_flash_ex.o
 .text.FLASH_PageErase
                0x00000000       0x24 build/stm32f1xx_hal_flash_ex.o
 .text.HAL_FLASHEx_Erase
                0x00000000       0xa4 build/stm32f1xx_hal_flash_ex.o
 .text.HAL_FLASHEx_Erase_IT
                0x00000000       0x60 build/stm32f1xx_hal_flash_ex.o
 .debug_info    0x00000000      0xb89 build/stm32f1xx_hal_flash_ex.o
 .debug_abbrev  0x00000000      0x28d build/stm32f1xx_hal_flash_ex.o
 .debug_loc     0x00000000      0x9d7 build/stm32f1xx_hal_flash_ex.o
 .debug_aranges
                0x00000000       0x98 build/stm32f1xx_hal_flash_ex.o
 .debug_ranges  0x00000000       0x88 build/stm32f1xx_hal_flash_ex.o
 .debug_line    0x00000000      0x956 build/stm32f1xx_hal_flash_ex.o
 .debug_str     0x00000000      0x643 build/stm32f1xx_hal_flash_ex.o
 .comment       0x00000000       0x4e build/stm32f1xx_hal_flash_ex.o
 .debug_frame   0x00000000      0x194 build/stm32f1xx_hal_flash_ex.o
 .ARM.attributes
                0x00000000       0x2d build/stm32f1xx_hal_flash_ex.o
 .text          0x00000000        0x0 build/stm32f1xx_hal_exti.o
 .data          0x00000000        0x0 build/stm32f1xx_hal_exti.o
 .bss           0x00000000        0x0 build/stm32f1xx_hal_exti.o
 .text.HAL_EXTI_SetConfigLine
                0x00000000       0xd8 build/stm32f1xx_hal_exti.o
 .text.HAL_EXTI_GetConfigLine
                0x00000000       0xac build/stm32f1xx_hal_exti.o
 .text.HAL_EXTI_ClearConfigLine
                0x00000000       0x88 build/stm32f1xx_hal_exti.o
 .text.HAL_EXTI_RegisterCallback
                0x00000000        0xe build/stm32f1xx_hal_exti.o
 .text.HAL_EXTI_GetHandle
                0x00000000        0xc build/stm32f1xx_hal_exti.o
 .text.HAL_EXTI_IRQHandler
                0x00000000       0x24 build/stm32f1xx_hal_exti.o
 .text.HAL_EXTI_GetPending
                0x00000000       0x1c build/stm32f1xx_hal_exti.o
 .text.HAL_EXTI_ClearPending
                0x00000000       0x14 build/stm32f1xx_hal_exti.o
 .text.HAL_EXTI_GenerateSWI
                0x00000000       0x14 build/stm32f1xx_hal_exti.o
 .debug_info    0x00000000      0x602 build/stm32f1xx_hal_exti.o
 .debug_abbrev  0x00000000      0x200 build/stm32f1xx_hal_exti.o
 .debug_loc     0x00000000      0x4ee build/stm32f1xx_hal_exti.o
 .debug_aranges
                0x00000000       0x60 build/stm32f1xx_hal_exti.o
 .debug_ranges  0x00000000       0x50 build/stm32f1xx_hal_exti.o
 .debug_line    0x00000000      0x636 build/stm32f1xx_hal_exti.o
 .debug_str     0x00000000      0x3d4 build/stm32f1xx_hal_exti.o
 .comment       0x00000000       0x4e build/stm32f1xx_hal_exti.o
 .debug_frame   0x00000000       0xd4 build/stm32f1xx_hal_exti.o
 .ARM.attributes
                0x00000000       0x2d build/stm32f1xx_hal_exti.o
 .text          0x00000000        0x0 build/system_stm32f1xx.o
 .data          0x00000000        0x0 build/system_stm32f1xx.o
 .bss           0x00000000        0x0 build/system_stm32f1xx.o
 .text.SystemCoreClockUpdate
                0x00000000       0x94 build/system_stm32f1xx.o
 .text          0x00000000       0x14 build/startup_stm32f103xb.o
 .data          0x00000000        0x0 build/startup_stm32f103xb.o
 .bss           0x00000000        0x0 build/startup_stm32f103xb.o
 .text          0x00000000        0x0 c:/users/dj6dvj/myfiles/programming/tools/arm_gnu_toolchain/gcc-arm-none-eabi-10-2020-q4-major/bin/../lib/gcc/arm-none-eabi/10.2.1/../../../../arm-none-eabi/lib/thumb/v7-m/nofp\libc_nano.a(lib_a-exit.o)
 .data          0x00000000        0x0 c:/users/dj6dvj/myfiles/programming/tools/arm_gnu_toolchain/gcc-arm-none-eabi-10-2020-q4-major/bin/../lib/gcc/arm-none-eabi/10.2.1/../../../../arm-none-eabi/lib/thumb/v7-m/nofp\libc_nano.a(lib_a-exit.o)
 .bss           0x00000000        0x0 c:/users/dj6dvj/myfiles/programming/tools/arm_gnu_toolchain/gcc-arm-none-eabi-10-2020-q4-major/bin/../lib/gcc/arm-none-eabi/10.2.1/../../../../arm-none-eabi/lib/thumb/v7-m/nofp\libc_nano.a(lib_a-exit.o)
 .text.exit     0x00000000       0x28 c:/users/dj6dvj/myfiles/programming/tools/arm_gnu_toolchain/gcc-arm-none-eabi-10-2020-q4-major/bin/../lib/gcc/arm-none-eabi/10.2.1/../../../../arm-none-eabi/lib/thumb/v7-m/nofp\libc_nano.a(lib_a-exit.o)
 .debug_frame   0x00000000       0x28 c:/users/dj6dvj/myfiles/programming/tools/arm_gnu_toolchain/gcc-arm-none-eabi-10-2020-q4-major/bin/../lib/gcc/arm-none-eabi/10.2.1/../../../../arm-none-eabi/lib/thumb/v7-m/nofp\libc_nano.a(lib_a-exit.o)
 .ARM.attributes
                0x00000000       0x2d c:/users/dj6dvj/myfiles/programming/tools/arm_gnu_toolchain/gcc-arm-none-eabi-10-2020-q4-major/bin/../lib/gcc/arm-none-eabi/10.2.1/../../../../arm-none-eabi/lib/thumb/v7-m/nofp\libc_nano.a(lib_a-exit.o)
 .text          0x00000000        0x0 c:/users/dj6dvj/myfiles/programming/tools/arm_gnu_toolchain/gcc-arm-none-eabi-10-2020-q4-major/bin/../lib/gcc/arm-none-eabi/10.2.1/../../../../arm-none-eabi/lib/thumb/v7-m/nofp\libc_nano.a(lib_a-impure.o)
 .data          0x00000000        0x0 c:/users/dj6dvj/myfiles/programming/tools/arm_gnu_toolchain/gcc-arm-none-eabi-10-2020-q4-major/bin/../lib/gcc/arm-none-eabi/10.2.1/../../../../arm-none-eabi/lib/thumb/v7-m/nofp\libc_nano.a(lib_a-impure.o)
 .bss           0x00000000        0x0 c:/users/dj6dvj/myfiles/programming/tools/arm_gnu_toolchain/gcc-arm-none-eabi-10-2020-q4-major/bin/../lib/gcc/arm-none-eabi/10.2.1/../../../../arm-none-eabi/lib/thumb/v7-m/nofp\libc_nano.a(lib_a-impure.o)
 .data._impure_ptr
                0x00000000        0x4 c:/users/dj6dvj/myfiles/programming/tools/arm_gnu_toolchain/gcc-arm-none-eabi-10-2020-q4-major/bin/../lib/gcc/arm-none-eabi/10.2.1/../../../../arm-none-eabi/lib/thumb/v7-m/nofp\libc_nano.a(lib_a-impure.o)
 .data.impure_data
                0x00000000       0x60 c:/users/dj6dvj/myfiles/programming/tools/arm_gnu_toolchain/gcc-arm-none-eabi-10-2020-q4-major/bin/../lib/gcc/arm-none-eabi/10.2.1/../../../../arm-none-eabi/lib/thumb/v7-m/nofp\libc_nano.a(lib_a-impure.o)
 .rodata._global_impure_ptr
                0x00000000        0x4 c:/users/dj6dvj/myfiles/programming/tools/arm_gnu_toolchain/gcc-arm-none-eabi-10-2020-q4-major/bin/../lib/gcc/arm-none-eabi/10.2.1/../../../../arm-none-eabi/lib/thumb/v7-m/nofp\libc_nano.a(lib_a-impure.o)
 .ARM.attributes
                0x00000000       0x2d c:/users/dj6dvj/myfiles/programming/tools/arm_gnu_toolchain/gcc-arm-none-eabi-10-2020-q4-major/bin/../lib/gcc/arm-none-eabi/10.2.1/../../../../arm-none-eabi/lib/thumb/v7-m/nofp\libc_nano.a(lib_a-impure.o)
 .text          0x00000000        0x0 c:/users/dj6dvj/myfiles/programming/tools/arm_gnu_toolchain/gcc-arm-none-eabi-10-2020-q4-major/bin/../lib/gcc/arm-none-eabi/10.2.1/../../../../arm-none-eabi/lib/thumb/v7-m/nofp\libc_nano.a(lib_a-init.o)
 .data          0x00000000        0x0 c:/users/dj6dvj/myfiles/programming/tools/arm_gnu_toolchain/gcc-arm-none-eabi-10-2020-q4-major/bin/../lib/gcc/arm-none-eabi/10.2.1/../../../../arm-none-eabi/lib/thumb/v7-m/nofp\libc_nano.a(lib_a-init.o)
 .bss           0x00000000        0x0 c:/users/dj6dvj/myfiles/programming/tools/arm_gnu_toolchain/gcc-arm-none-eabi-10-2020-q4-major/bin/../lib/gcc/arm-none-eabi/10.2.1/../../../../arm-none-eabi/lib/thumb/v7-m/nofp\libc_nano.a(lib_a-init.o)
 .text          0x00000000        0x0 c:/users/dj6dvj/myfiles/programming/tools/arm_gnu_toolchain/gcc-arm-none-eabi-10-2020-q4-major/bin/../lib/gcc/arm-none-eabi/10.2.1/../../../../arm-none-eabi/lib/thumb/v7-m/nofp\libc_nano.a(lib_a-memset.o)
 .data          0x00000000        0x0 c:/users/dj6dvj/myfiles/programming/tools/arm_gnu_toolchain/gcc-arm-none-eabi-10-2020-q4-major/bin/../lib/gcc/arm-none-eabi/10.2.1/../../../../arm-none-eabi/lib/thumb/v7-m/nofp\libc_nano.a(lib_a-memset.o)
 .bss           0x00000000        0x0 c:/users/dj6dvj/myfiles/programming/tools/arm_gnu_toolchain/gcc-arm-none-eabi-10-2020-q4-major/bin/../lib/gcc/arm-none-eabi/10.2.1/../../../../arm-none-eabi/lib/thumb/v7-m/nofp\libc_nano.a(lib_a-memset.o)
 .text          0x00000000        0x0 c:/users/dj6dvj/myfiles/programming/tools/arm_gnu_toolchain/gcc-arm-none-eabi-10-2020-q4-major/bin/../lib/gcc/arm-none-eabi/10.2.1/../../../../arm-none-eabi/lib/thumb/v7-m/nofp\libnosys.a(_exit.o)
 .data          0x00000000        0x0 c:/users/dj6dvj/myfiles/programming/tools/arm_gnu_toolchain/gcc-arm-none-eabi-10-2020-q4-major/bin/../lib/gcc/arm-none-eabi/10.2.1/../../../../arm-none-eabi/lib/thumb/v7-m/nofp\libnosys.a(_exit.o)
 .bss           0x00000000        0x0 c:/users/dj6dvj/myfiles/programming/tools/arm_gnu_toolchain/gcc-arm-none-eabi-10-2020-q4-major/bin/../lib/gcc/arm-none-eabi/10.2.1/../../../../arm-none-eabi/lib/thumb/v7-m/nofp\libnosys.a(_exit.o)
 .text._exit    0x00000000        0x4 c:/users/dj6dvj/myfiles/programming/tools/arm_gnu_toolchain/gcc-arm-none-eabi-10-2020-q4-major/bin/../lib/gcc/arm-none-eabi/10.2.1/../../../../arm-none-eabi/lib/thumb/v7-m/nofp\libnosys.a(_exit.o)
 .debug_frame   0x00000000       0x20 c:/users/dj6dvj/myfiles/programming/tools/arm_gnu_toolchain/gcc-arm-none-eabi-10-2020-q4-major/bin/../lib/gcc/arm-none-eabi/10.2.1/../../../../arm-none-eabi/lib/thumb/v7-m/nofp\libnosys.a(_exit.o)
 .ARM.attributes
                0x00000000       0x2d c:/users/dj6dvj/myfiles/programming/tools/arm_gnu_toolchain/gcc-arm-none-eabi-10-2020-q4-major/bin/../lib/gcc/arm-none-eabi/10.2.1/../../../../arm-none-eabi/lib/thumb/v7-m/nofp\libnosys.a(_exit.o)
 .text          0x00000000        0x0 c:/users/dj6dvj/myfiles/programming/tools/arm_gnu_toolchain/gcc-arm-none-eabi-10-2020-q4-major/bin/../lib/gcc/arm-none-eabi/10.2.1/thumb/v7-m/nofp/crtend.o
 .data          0x00000000        0x0 c:/users/dj6dvj/myfiles/programming/tools/arm_gnu_toolchain/gcc-arm-none-eabi-10-2020-q4-major/bin/../lib/gcc/arm-none-eabi/10.2.1/thumb/v7-m/nofp/crtend.o
 .bss           0x00000000        0x0 c:/users/dj6dvj/myfiles/programming/tools/arm_gnu_toolchain/gcc-arm-none-eabi-10-2020-q4-major/bin/../lib/gcc/arm-none-eabi/10.2.1/thumb/v7-m/nofp/crtend.o
 .rodata        0x00000000       0x24 c:/users/dj6dvj/myfiles/programming/tools/arm_gnu_toolchain/gcc-arm-none-eabi-10-2020-q4-major/bin/../lib/gcc/arm-none-eabi/10.2.1/thumb/v7-m/nofp/crtend.o
 .eh_frame      0x00000000        0x4 c:/users/dj6dvj/myfiles/programming/tools/arm_gnu_toolchain/gcc-arm-none-eabi-10-2020-q4-major/bin/../lib/gcc/arm-none-eabi/10.2.1/thumb/v7-m/nofp/crtend.o
 .ARM.attributes
                0x00000000       0x2d c:/users/dj6dvj/myfiles/programming/tools/arm_gnu_toolchain/gcc-arm-none-eabi-10-2020-q4-major/bin/../lib/gcc/arm-none-eabi/10.2.1/thumb/v7-m/nofp/crtend.o
 .text          0x00000000        0x0 c:/users/dj6dvj/myfiles/programming/tools/arm_gnu_toolchain/gcc-arm-none-eabi-10-2020-q4-major/bin/../lib/gcc/arm-none-eabi/10.2.1/thumb/v7-m/nofp/crtn.o
 .data          0x00000000        0x0 c:/users/dj6dvj/myfiles/programming/tools/arm_gnu_toolchain/gcc-arm-none-eabi-10-2020-q4-major/bin/../lib/gcc/arm-none-eabi/10.2.1/thumb/v7-m/nofp/crtn.o
 .bss           0x00000000        0x0 c:/users/dj6dvj/myfiles/programming/tools/arm_gnu_toolchain/gcc-arm-none-eabi-10-2020-q4-major/bin/../lib/gcc/arm-none-eabi/10.2.1/thumb/v7-m/nofp/crtn.o

Memory Configuration

Name             Origin             Length             Attributes
RAM              0x20000000         0x00005000         xrw
FLASH            0x08000000         0x00020000         xr
*default*        0x00000000         0xffffffff

Linker script and memory map

LOAD c:/users/dj6dvj/myfiles/programming/tools/arm_gnu_toolchain/gcc-arm-none-eabi-10-2020-q4-major/bin/../lib/gcc/arm-none-eabi/10.2.1/thumb/v7-m/nofp/crti.o
LOAD c:/users/dj6dvj/myfiles/programming/tools/arm_gnu_toolchain/gcc-arm-none-eabi-10-2020-q4-major/bin/../lib/gcc/arm-none-eabi/10.2.1/thumb/v7-m/nofp/crtbegin.o
LOAD c:/users/dj6dvj/myfiles/programming/tools/arm_gnu_toolchain/gcc-arm-none-eabi-10-2020-q4-major/bin/../lib/gcc/arm-none-eabi/10.2.1/../../../../arm-none-eabi/lib/thumb/v7-m/nofp/crt0.o
LOAD build/main.o
LOAD build/stm32f1xx_it.o
LOAD build/stm32f1xx_hal_msp.o
LOAD build/stm32f1xx_hal_gpio_ex.o
LOAD build/stm32f1xx_hal_tim.o
LOAD build/stm32f1xx_hal_tim_ex.o
LOAD build/stm32f1xx_hal_uart.o
LOAD build/stm32f1xx_hal.o
LOAD build/stm32f1xx_hal_rcc.o
LOAD build/stm32f1xx_hal_rcc_ex.o
LOAD build/stm32f1xx_hal_gpio.o
LOAD build/stm32f1xx_hal_dma.o
LOAD build/stm32f1xx_hal_cortex.o
LOAD build/stm32f1xx_hal_pwr.o
LOAD build/stm32f1xx_hal_flash.o
LOAD build/stm32f1xx_hal_flash_ex.o
LOAD build/stm32f1xx_hal_exti.o
LOAD build/system_stm32f1xx.o
LOAD build/startup_stm32f103xb.o
LOAD c:/users/dj6dvj/myfiles/programming/tools/arm_gnu_toolchain/gcc-arm-none-eabi-10-2020-q4-major/bin/../lib/gcc/arm-none-eabi/10.2.1/../../../../arm-none-eabi/lib/thumb/v7-m/nofp\libc_nano.a
LOAD c:/users/dj6dvj/myfiles/programming/tools/arm_gnu_toolchain/gcc-arm-none-eabi-10-2020-q4-major/bin/../lib/gcc/arm-none-eabi/10.2.1/../../../../arm-none-eabi/lib/thumb/v7-m/nofp\libm.a
LOAD c:/users/dj6dvj/myfiles/programming/tools/arm_gnu_toolchain/gcc-arm-none-eabi-10-2020-q4-major/bin/../lib/gcc/arm-none-eabi/10.2.1/../../../../arm-none-eabi/lib/thumb/v7-m/nofp\libnosys.a
START GROUP
LOAD c:/users/dj6dvj/myfiles/programming/tools/arm_gnu_toolchain/gcc-arm-none-eabi-10-2020-q4-major/bin/../lib/gcc/arm-none-eabi/10.2.1/thumb/v7-m/nofp\libgcc.a
LOAD c:/users/dj6dvj/myfiles/programming/tools/arm_gnu_toolchain/gcc-arm-none-eabi-10-2020-q4-major/bin/../lib/gcc/arm-none-eabi/10.2.1/../../../../arm-none-eabi/lib/thumb/v7-m/nofp\libc_nano.a
END GROUP
START GROUP
LOAD c:/users/dj6dvj/myfiles/programming/tools/arm_gnu_toolchain/gcc-arm-none-eabi-10-2020-q4-major/bin/../lib/gcc/arm-none-eabi/10.2.1/thumb/v7-m/nofp\libgcc.a
LOAD c:/users/dj6dvj/myfiles/programming/tools/arm_gnu_toolchain/gcc-arm-none-eabi-10-2020-q4-major/bin/../lib/gcc/arm-none-eabi/10.2.1/../../../../arm-none-eabi/lib/thumb/v7-m/nofp\libc_nano.a
END GROUP
LOAD c:/users/dj6dvj/myfiles/programming/tools/arm_gnu_toolchain/gcc-arm-none-eabi-10-2020-q4-major/bin/../lib/gcc/arm-none-eabi/10.2.1/thumb/v7-m/nofp/crtend.o
LOAD c:/users/dj6dvj/myfiles/programming/tools/arm_gnu_toolchain/gcc-arm-none-eabi-10-2020-q4-major/bin/../lib/gcc/arm-none-eabi/10.2.1/thumb/v7-m/nofp/crtn.o
                0x20005000                _estack = 0x20005000
                0x00000200                _Min_Heap_Size = 0x200
                0x00000400                _Min_Stack_Size = 0x400

.isr_vector     0x08000000      0x10c
                0x08000000                . = ALIGN (0x4)
 *(.isr_vector)
 .isr_vector    0x08000000      0x10c build/startup_stm32f103xb.o
                0x08000000                g_pfnVectors
                0x0800010c                . = ALIGN (0x4)

.text           0x0800010c      0xeb0
                0x0800010c                . = ALIGN (0x4)
 *(.text)
 .text          0x0800010c       0x40 c:/users/dj6dvj/myfiles/programming/tools/arm_gnu_toolchain/gcc-arm-none-eabi-10-2020-q4-major/bin/../lib/gcc/arm-none-eabi/10.2.1/thumb/v7-m/nofp/crtbegin.o
 *(.text*)
 .text.MX_GPIO_Init
                0x0800014c       0xb4 build/main.o
 .text.MX_USART2_UART_Init
                0x08000200       0x2c build/main.o
 .text.SystemClock_Config
                0x0800022c       0x50 build/main.o
                0x0800022c                SystemClock_Config
 .text.main     0x0800027c       0x80 build/main.o
                0x0800027c                main
 .text.NMI_Handler
                0x080002fc        0x2 build/stm32f1xx_it.o
                0x080002fc                NMI_Handler
 .text.HardFault_Handler
                0x080002fe        0x2 build/stm32f1xx_it.o
                0x080002fe                HardFault_Handler
 .text.MemManage_Handler
                0x08000300        0x2 build/stm32f1xx_it.o
                0x08000300                MemManage_Handler
 .text.BusFault_Handler
                0x08000302        0x2 build/stm32f1xx_it.o
                0x08000302                BusFault_Handler
 .text.UsageFault_Handler
                0x08000304        0x2 build/stm32f1xx_it.o
                0x08000304                UsageFault_Handler
 .text.SVC_Handler
                0x08000306        0x2 build/stm32f1xx_it.o
                0x08000306                SVC_Handler
 .text.DebugMon_Handler
                0x08000308        0x2 build/stm32f1xx_it.o
                0x08000308                DebugMon_Handler
 .text.PendSV_Handler
                0x0800030a        0x2 build/stm32f1xx_it.o
                0x0800030a                PendSV_Handler
 .text.SysTick_Handler
                0x0800030c        0x8 build/stm32f1xx_it.o
                0x0800030c                SysTick_Handler
 .text.EXTI15_10_IRQHandler
                0x08000314        0xc build/stm32f1xx_it.o
                0x08000314                EXTI15_10_IRQHandler
 .text.HAL_MspInit
                0x08000320       0x44 build/stm32f1xx_hal_msp.o
                0x08000320                HAL_MspInit
 .text.HAL_UART_MspInit
                0x08000364       0x60 build/stm32f1xx_hal_msp.o
                0x08000364                HAL_UART_MspInit
 .text.UART_SetConfig
                0x080003c4       0x94 build/stm32f1xx_hal_uart.o
 .text.HAL_UART_Init
                0x08000458       0x5e build/stm32f1xx_hal_uart.o
                0x08000458                HAL_UART_Init
 *fill*         0x080004b6        0x2 
 .text.HAL_InitTick
                0x080004b8       0x4c build/stm32f1xx_hal.o
                0x080004b8                HAL_InitTick
 .text.HAL_Init
                0x08000504       0x24 build/stm32f1xx_hal.o
                0x08000504                HAL_Init
 .text.HAL_IncTick
                0x08000528       0x18 build/stm32f1xx_hal.o
                0x08000528                HAL_IncTick
 .text.HAL_GetTick
                0x08000540        0xc build/stm32f1xx_hal.o
                0x08000540                HAL_GetTick
 .text.HAL_Delay
                0x0800054c       0x28 build/stm32f1xx_hal.o
                0x0800054c                HAL_Delay
 .text.RCC_Delay
                0x08000574       0x2c build/stm32f1xx_hal_rcc.o
 .text.HAL_RCC_OscConfig
                0x080005a0      0x410 build/stm32f1xx_hal_rcc.o
                0x080005a0                HAL_RCC_OscConfig
 .text.HAL_RCC_GetSysClockFreq
                0x080009b0       0x6c build/stm32f1xx_hal_rcc.o
                0x080009b0                HAL_RCC_GetSysClockFreq
 .text.HAL_RCC_ClockConfig
                0x08000a1c      0x16c build/stm32f1xx_hal_rcc.o
                0x08000a1c                HAL_RCC_ClockConfig
 .text.HAL_RCC_GetHCLKFreq
                0x08000b88        0xc build/stm32f1xx_hal_rcc.o
                0x08000b88                HAL_RCC_GetHCLKFreq
 .text.HAL_RCC_GetPCLK1Freq
                0x08000b94       0x20 build/stm32f1xx_hal_rcc.o
                0x08000b94                HAL_RCC_GetPCLK1Freq
 .text.HAL_RCC_GetPCLK2Freq
                0x08000bb4       0x20 build/stm32f1xx_hal_rcc.o
                0x08000bb4                HAL_RCC_GetPCLK2Freq
 .text.HAL_GPIO_Init
                0x08000bd4      0x224 build/stm32f1xx_hal_gpio.o
                0x08000bd4                HAL_GPIO_Init
 .text.HAL_GPIO_WritePin
                0x08000df8        0xc build/stm32f1xx_hal_gpio.o
                0x08000df8                HAL_GPIO_WritePin
 .text.HAL_GPIO_EXTI_Callback
                0x08000e04        0x2 build/stm32f1xx_hal_gpio.o
                0x08000e04                HAL_GPIO_EXTI_Callback
 *fill*         0x08000e06        0x2 
 .text.HAL_GPIO_EXTI_IRQHandler
                0x08000e08       0x1c build/stm32f1xx_hal_gpio.o
                0x08000e08                HAL_GPIO_EXTI_IRQHandler
 .text.HAL_NVIC_SetPriorityGrouping
                0x08000e24       0x24 build/stm32f1xx_hal_cortex.o
                0x08000e24                HAL_NVIC_SetPriorityGrouping
 .text.HAL_NVIC_SetPriority
                0x08000e48       0x70 build/stm32f1xx_hal_cortex.o
                0x08000e48                HAL_NVIC_SetPriority
 .text.HAL_NVIC_EnableIRQ
                0x08000eb8       0x1c build/stm32f1xx_hal_cortex.o
                0x08000eb8                HAL_NVIC_EnableIRQ
 .text.HAL_SYSTICK_Config
                0x08000ed4       0x28 build/stm32f1xx_hal_cortex.o
                0x08000ed4                HAL_SYSTICK_Config
 .text.SystemInit
                0x08000efc        0x2 build/system_stm32f1xx.o
                0x08000efc                SystemInit
 *fill*         0x08000efe        0x2 
 .text.Reset_Handler
                0x08000f00       0x48 build/startup_stm32f103xb.o
                0x08000f00                Reset_Handler
 .text.Default_Handler
                0x08000f48        0x2 build/startup_stm32f103xb.o
                0x08000f48                RTC_Alarm_IRQHandler
                0x08000f48                EXTI2_IRQHandler
                0x08000f48                TIM1_CC_IRQHandler
                0x08000f48                PVD_IRQHandler
                0x08000f48                EXTI3_IRQHandler
                0x08000f48                EXTI0_IRQHandler
                0x08000f48                I2C2_EV_IRQHandler
                0x08000f48                ADC1_2_IRQHandler
                0x08000f48                SPI1_IRQHandler
                0x08000f48                TAMPER_IRQHandler
                0x08000f48                DMA1_Channel4_IRQHandler
                0x08000f48                USART3_IRQHandler
                0x08000f48                RTC_IRQHandler
                0x08000f48                DMA1_Channel7_IRQHandler
                0x08000f48                CAN1_RX1_IRQHandler
                0x08000f48                TIM4_IRQHandler
                0x08000f48                I2C1_EV_IRQHandler
                0x08000f48                DMA1_Channel6_IRQHandler
                0x08000f48                TIM3_IRQHandler
                0x08000f48                RCC_IRQHandler
                0x08000f48                TIM1_TRG_COM_IRQHandler
                0x08000f48                DMA1_Channel1_IRQHandler
                0x08000f48                Default_Handler
                0x08000f48                EXTI9_5_IRQHandler
                0x08000f48                SPI2_IRQHandler
                0x08000f48                DMA1_Channel5_IRQHandler
                0x08000f48                EXTI4_IRQHandler
                0x08000f48                USB_LP_CAN1_RX0_IRQHandler
                0x08000f48                USB_HP_CAN1_TX_IRQHandler
                0x08000f48                DMA1_Channel3_IRQHandler
                0x08000f48                TIM1_UP_IRQHandler
                0x08000f48                WWDG_IRQHandler
                0x08000f48                TIM2_IRQHandler
                0x08000f48                TIM1_BRK_IRQHandler
                0x08000f48                EXTI1_IRQHandler
                0x08000f48                USART2_IRQHandler
                0x08000f48                I2C2_ER_IRQHandler
                0x08000f48                DMA1_Channel2_IRQHandler
                0x08000f48                CAN1_SCE_IRQHandler
                0x08000f48                FLASH_IRQHandler
                0x08000f48                USART1_IRQHandler
                0x08000f48                I2C1_ER_IRQHandler
                0x08000f48                USBWakeUp_IRQHandler
 *fill*         0x08000f4a        0x2 
 .text.__libc_init_array
                0x08000f4c       0x48 c:/users/dj6dvj/myfiles/programming/tools/arm_gnu_toolchain/gcc-arm-none-eabi-10-2020-q4-major/bin/../lib/gcc/arm-none-eabi/10.2.1/../../../../arm-none-eabi/lib/thumb/v7-m/nofp\libc_nano.a(lib_a-init.o)
                0x08000f4c                __libc_init_array
 .text.memset   0x08000f94       0x10 c:/users/dj6dvj/myfiles/programming/tools/arm_gnu_toolchain/gcc-arm-none-eabi-10-2020-q4-major/bin/../lib/gcc/arm-none-eabi/10.2.1/../../../../arm-none-eabi/lib/thumb/v7-m/nofp\libc_nano.a(lib_a-memset.o)
                0x08000f94                memset
 *(.glue_7)
 .glue_7        0x08000fa4        0x0 linker stubs
 *(.glue_7t)
 .glue_7t       0x08000fa4        0x0 linker stubs
 *(.eh_frame)
 .eh_frame      0x08000fa4        0x0 c:/users/dj6dvj/myfiles/programming/tools/arm_gnu_toolchain/gcc-arm-none-eabi-10-2020-q4-major/bin/../lib/gcc/arm-none-eabi/10.2.1/thumb/v7-m/nofp/crtbegin.o
 *(.init)
 .init          0x08000fa4        0x4 c:/users/dj6dvj/myfiles/programming/tools/arm_gnu_toolchain/gcc-arm-none-eabi-10-2020-q4-major/bin/../lib/gcc/arm-none-eabi/10.2.1/thumb/v7-m/nofp/crti.o
                0x08000fa4                _init
 .init          0x08000fa8        0x8 c:/users/dj6dvj/myfiles/programming/tools/arm_gnu_toolchain/gcc-arm-none-eabi-10-2020-q4-major/bin/../lib/gcc/arm-none-eabi/10.2.1/thumb/v7-m/nofp/crtn.o
 *(.fini)
 .fini          0x08000fb0        0x4 c:/users/dj6dvj/myfiles/programming/tools/arm_gnu_toolchain/gcc-arm-none-eabi-10-2020-q4-major/bin/../lib/gcc/arm-none-eabi/10.2.1/thumb/v7-m/nofp/crti.o
                0x08000fb0                _fini
 .fini          0x08000fb4        0x8 c:/users/dj6dvj/myfiles/programming/tools/arm_gnu_toolchain/gcc-arm-none-eabi-10-2020-q4-major/bin/../lib/gcc/arm-none-eabi/10.2.1/thumb/v7-m/nofp/crtn.o
                0x08000fbc                . = ALIGN (0x4)
                0x08000fbc                _etext = .

.vfp11_veneer   0x08000fbc        0x0
 .vfp11_veneer  0x08000fbc        0x0 linker stubs

.v4_bx          0x08000fbc        0x0
 .v4_bx         0x08000fbc        0x0 linker stubs

.iplt           0x08000fbc        0x0
 .iplt          0x08000fbc        0x0 c:/users/dj6dvj/myfiles/programming/tools/arm_gnu_toolchain/gcc-arm-none-eabi-10-2020-q4-major/bin/../lib/gcc/arm-none-eabi/10.2.1/thumb/v7-m/nofp/crtbegin.o

.rodata         0x08000fbc       0x2c
                0x08000fbc                . = ALIGN (0x4)
 *(.rodata)
 *(.rodata*)
 .rodata.HAL_RCC_GetSysClockFreq.str1.4
                0x08000fbc       0x11 build/stm32f1xx_hal_rcc.o
 *fill*         0x08000fcd        0x3 
 .rodata.AHBPrescTable
                0x08000fd0       0x10 build/system_stm32f1xx.o
                0x08000fd0                AHBPrescTable
 .rodata.APBPrescTable
                0x08000fe0        0x8 build/system_stm32f1xx.o
                0x08000fe0                APBPrescTable
                0x08000fe8                . = ALIGN (0x4)

.rel.dyn        0x08000fe8        0x0
 .rel.iplt      0x08000fe8        0x0 c:/users/dj6dvj/myfiles/programming/tools/arm_gnu_toolchain/gcc-arm-none-eabi-10-2020-q4-major/bin/../lib/gcc/arm-none-eabi/10.2.1/thumb/v7-m/nofp/crtbegin.o

.ARM.extab
 *(.ARM.extab* .gnu.linkonce.armextab.*)

.ARM            0x08000fe8        0x0
                0x08000fe8                __exidx_start = .
 *(.ARM.exidx*)
                0x08000fe8                __exidx_end = .

.preinit_array  0x08000fe8        0x0
                0x08000fe8                PROVIDE (__preinit_array_start = .)
 *(.preinit_array*)
                0x08000fe8                PROVIDE (__preinit_array_end = .)

.init_array     0x08000fe8        0x4
                0x08000fe8                PROVIDE (__init_array_start = .)
 *(SORT_BY_NAME(.init_array.*))
 *(.init_array*)
 .init_array    0x08000fe8        0x4 c:/users/dj6dvj/myfiles/programming/tools/arm_gnu_toolchain/gcc-arm-none-eabi-10-2020-q4-major/bin/../lib/gcc/arm-none-eabi/10.2.1/thumb/v7-m/nofp/crtbegin.o
                0x08000fec                PROVIDE (__init_array_end = .)

.fini_array     0x08000fec        0x4
                [!provide]                PROVIDE (__fini_array_start = .)
 *(SORT_BY_NAME(.fini_array.*))
 *(.fini_array*)
 .fini_array    0x08000fec        0x4 c:/users/dj6dvj/myfiles/programming/tools/arm_gnu_toolchain/gcc-arm-none-eabi-10-2020-q4-major/bin/../lib/gcc/arm-none-eabi/10.2.1/thumb/v7-m/nofp/crtbegin.o
                [!provide]                PROVIDE (__fini_array_end = .)
                0x08000ff0                _sidata = LOADADDR (.data)

.data           0x20000000        0xc load address 0x08000ff0
                0x20000000                . = ALIGN (0x4)
                0x20000000                _sdata = .
 *(.data)
 *(.data*)
 .data.uwTickFreq
                0x20000000        0x1 build/stm32f1xx_hal.o
                0x20000000                uwTickFreq
 *fill*         0x20000001        0x3 
 .data.uwTickPrio
                0x20000004        0x4 build/stm32f1xx_hal.o
                0x20000004                uwTickPrio
 .data.SystemCoreClock
                0x20000008        0x4 build/system_stm32f1xx.o
                0x20000008                SystemCoreClock
                0x2000000c                . = ALIGN (0x4)
                0x2000000c                _edata = .

.igot.plt       0x2000000c        0x0 load address 0x08000ffc
 .igot.plt      0x2000000c        0x0 c:/users/dj6dvj/myfiles/programming/tools/arm_gnu_toolchain/gcc-arm-none-eabi-10-2020-q4-major/bin/../lib/gcc/arm-none-eabi/10.2.1/thumb/v7-m/nofp/crtbegin.o
                0x2000000c                . = ALIGN (0x4)

.bss            0x2000000c       0x60 load address 0x08000ffc
                0x2000000c                _sbss = .
                0x2000000c                __bss_start__ = _sbss
 *(.bss)
 .bss           0x2000000c       0x1c c:/users/dj6dvj/myfiles/programming/tools/arm_gnu_toolchain/gcc-arm-none-eabi-10-2020-q4-major/bin/../lib/gcc/arm-none-eabi/10.2.1/thumb/v7-m/nofp/crtbegin.o
 *(.bss*)
 .bss.huart2    0x20000028       0x40 build/main.o
                0x20000028                huart2
 .bss.uwTick    0x20000068        0x4 build/stm32f1xx_hal.o
                0x20000068                uwTick
 *(COMMON)
                0x2000006c                . = ALIGN (0x4)
                0x2000006c                _ebss = .
                0x2000006c                __bss_end__ = _ebss

._user_heap_stack
                0x2000006c      0x604 load address 0x08000ffc
                0x20000070                . = ALIGN (0x8)
 *fill*         0x2000006c        0x4 
                [!provide]                PROVIDE (end = .)
                [!provide]                PROVIDE (_end = .)
                0x20000270                . = (. + _Min_Heap_Size)
 *fill*         0x20000070      0x200 
                0x20000670                . = (. + _Min_Stack_Size)
 *fill*         0x20000270      0x400 
                0x20000670                . = ALIGN (0x8)

/DISCARD/
 libc.a(*)
 libm.a(*)
 libgcc.a(*)

.ARM.attributes
                0x00000000       0x29
 *(.ARM.attributes)
 .ARM.attributes
                0x00000000       0x1d c:/users/dj6dvj/myfiles/programming/tools/arm_gnu_toolchain/gcc-arm-none-eabi-10-2020-q4-major/bin/../lib/gcc/arm-none-eabi/10.2.1/thumb/v7-m/nofp/crti.o
 .ARM.attributes
                0x0000001d       0x2d c:/users/dj6dvj/myfiles/programming/tools/arm_gnu_toolchain/gcc-arm-none-eabi-10-2020-q4-major/bin/../lib/gcc/arm-none-eabi/10.2.1/thumb/v7-m/nofp/crtbegin.o
 .ARM.attributes
                0x0000004a       0x2d build/main.o
 .ARM.attributes
                0x00000077       0x2d build/stm32f1xx_it.o
 .ARM.attributes
                0x000000a4       0x2d build/stm32f1xx_hal_msp.o
 .ARM.attributes
                0x000000d1       0x2d build/stm32f1xx_hal_uart.o
 .ARM.attributes
                0x000000fe       0x2d build/stm32f1xx_hal.o
 .ARM.attributes
                0x0000012b       0x2d build/stm32f1xx_hal_rcc.o
 .ARM.attributes
                0x00000158       0x2d build/stm32f1xx_hal_gpio.o
 .ARM.attributes
                0x00000185       0x2d build/stm32f1xx_hal_cortex.o
 .ARM.attributes
                0x000001b2       0x2d build/system_stm32f1xx.o
 .ARM.attributes
                0x000001df       0x21 build/startup_stm32f103xb.o
 .ARM.attributes
                0x00000200       0x2d c:/users/dj6dvj/myfiles/programming/tools/arm_gnu_toolchain/gcc-arm-none-eabi-10-2020-q4-major/bin/../lib/gcc/arm-none-eabi/10.2.1/../../../../arm-none-eabi/lib/thumb/v7-m/nofp\libc_nano.a(lib_a-init.o)
 .ARM.attributes
                0x0000022d       0x2d c:/users/dj6dvj/myfiles/programming/tools/arm_gnu_toolchain/gcc-arm-none-eabi-10-2020-q4-major/bin/../lib/gcc/arm-none-eabi/10.2.1/../../../../arm-none-eabi/lib/thumb/v7-m/nofp\libc_nano.a(lib_a-memset.o)
 .ARM.attributes
                0x0000025a       0x1d c:/users/dj6dvj/myfiles/programming/tools/arm_gnu_toolchain/gcc-arm-none-eabi-10-2020-q4-major/bin/../lib/gcc/arm-none-eabi/10.2.1/thumb/v7-m/nofp/crtn.o
OUTPUT(build/basic_cubemx_makefile.elf elf32-littlearm)
LOAD linker stubs
LOAD c:/users/dj6dvj/myfiles/programming/tools/arm_gnu_toolchain/gcc-arm-none-eabi-10-2020-q4-major/bin/../lib/gcc/arm-none-eabi/10.2.1/../../../../arm-none-eabi/lib/thumb/v7-m/nofp\libc.a
LOAD c:/users/dj6dvj/myfiles/programming/tools/arm_gnu_toolchain/gcc-arm-none-eabi-10-2020-q4-major/bin/../lib/gcc/arm-none-eabi/10.2.1/../../../../arm-none-eabi/lib/thumb/v7-m/nofp\libm.a
LOAD c:/users/dj6dvj/myfiles/programming/tools/arm_gnu_toolchain/gcc-arm-none-eabi-10-2020-q4-major/bin/../lib/gcc/arm-none-eabi/10.2.1/thumb/v7-m/nofp\libgcc.a

.debug_info     0x00000000     0x5cf5
 .debug_info    0x00000000      0xdce build/main.o
 .debug_info    0x00000dce      0x1ae build/stm32f1xx_it.o
 .debug_info    0x00000f7c      0x8f7 build/stm32f1xx_hal_msp.o
 .debug_info    0x00001873     0x19ad build/stm32f1xx_hal_uart.o
 .debug_info    0x00003220      0x855 build/stm32f1xx_hal.o
 .debug_info    0x00003a75      0xaec build/stm32f1xx_hal_rcc.o
 .debug_info    0x00004561      0x6d7 build/stm32f1xx_hal_gpio.o
 .debug_info    0x00004c38      0xe2d build/stm32f1xx_hal_cortex.o
 .debug_info    0x00005a65      0x26e build/system_stm32f1xx.o
 .debug_info    0x00005cd3       0x22 build/startup_stm32f103xb.o

.debug_abbrev   0x00000000     0x1279
 .debug_abbrev  0x00000000      0x20f build/main.o
 .debug_abbrev  0x0000020f       0xbb build/stm32f1xx_it.o
 .debug_abbrev  0x000002ca      0x1a6 build/stm32f1xx_hal_msp.o
 .debug_abbrev  0x00000470      0x2ab build/stm32f1xx_hal_uart.o
 .debug_abbrev  0x0000071b      0x1f7 build/stm32f1xx_hal.o
 .debug_abbrev  0x00000912      0x29a build/stm32f1xx_hal_rcc.o
 .debug_abbrev  0x00000bac      0x222 build/stm32f1xx_hal_gpio.o
 .debug_abbrev  0x00000dce      0x359 build/stm32f1xx_hal_cortex.o
 .debug_abbrev  0x00001127      0x140 build/system_stm32f1xx.o
 .debug_abbrev  0x00001267       0x12 build/startup_stm32f103xb.o

.debug_loc      0x00000000     0x37bd
 .debug_loc     0x00000000       0xb1 build/main.o
 .debug_loc     0x000000b1       0x40 build/stm32f1xx_it.o
 .debug_loc     0x000000f1      0x129 build/stm32f1xx_hal_msp.o
 .debug_loc     0x0000021a     0x1e05 build/stm32f1xx_hal_uart.o
 .debug_loc     0x0000201f      0x1e1 build/stm32f1xx_hal.o
 .debug_loc     0x00002200      0x7ee build/stm32f1xx_hal_rcc.o
 .debug_loc     0x000029ee      0x551 build/stm32f1xx_hal_gpio.o
 .debug_loc     0x00002f3f      0x77f build/stm32f1xx_hal_cortex.o
 .debug_loc     0x000036be       0xff build/system_stm32f1xx.o

.debug_aranges  0x00000000      0x550
 .debug_aranges
                0x00000000       0x40 build/main.o
 .debug_aranges
                0x00000040       0x68 build/stm32f1xx_it.o
 .debug_aranges
                0x000000a8       0x30 build/stm32f1xx_hal_msp.o
 .debug_aranges
                0x000000d8      0x1d0 build/stm32f1xx_hal_uart.o
 .debug_aranges
                0x000002a8       0xe0 build/stm32f1xx_hal.o
 .debug_aranges
                0x00000388       0x90 build/stm32f1xx_hal_rcc.o
 .debug_aranges
                0x00000418       0x58 build/stm32f1xx_hal_gpio.o
 .debug_aranges
                0x00000470       0x90 build/stm32f1xx_hal_cortex.o
 .debug_aranges
                0x00000500       0x28 build/system_stm32f1xx.o
 .debug_aranges
                0x00000528       0x28 build/startup_stm32f103xb.o

.debug_ranges   0x00000000      0x538
 .debug_ranges  0x00000000       0x30 build/main.o
 .debug_ranges  0x00000030       0x58 build/stm32f1xx_it.o
 .debug_ranges  0x00000088       0x20 build/stm32f1xx_hal_msp.o
 .debug_ranges  0x000000a8      0x1c0 build/stm32f1xx_hal_uart.o
 .debug_ranges  0x00000268       0xd0 build/stm32f1xx_hal.o
 .debug_ranges  0x00000338       0xa0 build/stm32f1xx_hal_rcc.o
 .debug_ranges  0x000003d8       0x48 build/stm32f1xx_hal_gpio.o
 .debug_ranges  0x00000420       0xe0 build/stm32f1xx_hal_cortex.o
 .debug_ranges  0x00000500       0x18 build/system_stm32f1xx.o
 .debug_ranges  0x00000518       0x20 build/startup_stm32f103xb.o

.debug_line     0x00000000     0x46e6
 .debug_line    0x00000000      0x437 build/main.o
 .debug_line    0x00000437      0x2a8 build/stm32f1xx_it.o
 .debug_line    0x000006df      0x2be build/stm32f1xx_hal_msp.o
 .debug_line    0x0000099d     0x1bf4 build/stm32f1xx_hal_uart.o
 .debug_line    0x00002591      0x56a build/stm32f1xx_hal.o
 .debug_line    0x00002afb      0xc68 build/stm32f1xx_hal_rcc.o
 .debug_line    0x00003763      0x61f build/stm32f1xx_hal_gpio.o
 .debug_line    0x00003d82      0x675 build/stm32f1xx_hal_cortex.o
 .debug_line    0x000043f7      0x27d build/system_stm32f1xx.o
 .debug_line    0x00004674       0x72 build/startup_stm32f103xb.o

.debug_str      0x00000000     0x1b5a
 .debug_str     0x00000000      0xa4a build/main.o
                                0xadd (size before relaxing)
 .debug_str     0x00000a4a       0xdd build/stm32f1xx_it.o
                                0x25d (size before relaxing)
 .debug_str     0x00000b27       0x8c build/stm32f1xx_hal_msp.o
                                0x650 (size before relaxing)
 .debug_str     0x00000bb3      0x5cb build/stm32f1xx_hal_uart.o
                                0xba0 (size before relaxing)
 .debug_str     0x0000117e      0x2e9 build/stm32f1xx_hal.o
                                0x822 (size before relaxing)
 .debug_str     0x00001467      0x1d8 build/stm32f1xx_hal_rcc.o
                                0x629 (size before relaxing)
 .debug_str     0x0000163f       0xfe build/stm32f1xx_hal_gpio.o
                                0x3fe (size before relaxing)
 .debug_str     0x0000173d      0x3af build/stm32f1xx_hal_cortex.o
                                0x8d1 (size before relaxing)
 .debug_str     0x00001aec       0x4a build/system_stm32f1xx.o
                                0x24d (size before relaxing)
 .debug_str     0x00001b36       0x24 build/startup_stm32f103xb.o
                                 0x71 (size before relaxing)

.comment        0x00000000       0x4d
 .comment       0x00000000       0x4d build/main.o
                                 0x4e (size before relaxing)
 .comment       0x0000004d       0x4e build/stm32f1xx_it.o
 .comment       0x0000004d       0x4e build/stm32f1xx_hal_msp.o
 .comment       0x0000004d       0x4e build/stm32f1xx_hal_uart.o
 .comment       0x0000004d       0x4e build/stm32f1xx_hal.o
 .comment       0x0000004d       0x4e build/stm32f1xx_hal_rcc.o
 .comment       0x0000004d       0x4e build/stm32f1xx_hal_gpio.o
 .comment       0x0000004d       0x4e build/stm32f1xx_hal_cortex.o
 .comment       0x0000004d       0x4e build/system_stm32f1xx.o

.debug_frame    0x00000000      0xc6c
 .debug_frame   0x00000000       0x90 build/main.o
 .debug_frame   0x00000090       0xc0 build/stm32f1xx_it.o
 .debug_frame   0x00000150       0x60 build/stm32f1xx_hal_msp.o
 .debug_frame   0x000001b0      0x4e8 build/stm32f1xx_hal_uart.o
 .debug_frame   0x00000698      0x1cc build/stm32f1xx_hal.o
 .debug_frame   0x00000864      0x190 build/stm32f1xx_hal_rcc.o
 .debug_frame   0x000009f4       0xe4 build/stm32f1xx_hal_gpio.o
 .debug_frame   0x00000ad8      0x118 build/stm32f1xx_hal_cortex.o
 .debug_frame   0x00000bf0       0x30 build/system_stm32f1xx.o
 .debug_frame   0x00000c20       0x2c c:/users/dj6dvj/myfiles/programming/tools/arm_gnu_toolchain/gcc-arm-none-eabi-10-2020-q4-major/bin/../lib/gcc/arm-none-eabi/10.2.1/../../../../arm-none-eabi/lib/thumb/v7-m/nofp\libc_nano.a(lib_a-init.o)
 .debug_frame   0x00000c4c       0x20 c:/users/dj6dvj/myfiles/programming/tools/arm_gnu_toolchain/gcc-arm-none-eabi-10-2020-q4-major/bin/../lib/gcc/arm-none-eabi/10.2.1/../../../../arm-none-eabi/lib/thumb/v7-m/nofp\libc_nano.a(lib_a-memset.o)

Cross Reference Table

Symbol                                            File
ADC1_2_IRQHandler                                 build/startup_stm32f103xb.o
AHBPrescTable                                     build/system_stm32f1xx.o
                                                  build/stm32f1xx_hal_rcc.o
APBPrescTable                                     build/system_stm32f1xx.o
                                                  build/stm32f1xx_hal_rcc.o
BusFault_Handler                                  build/stm32f1xx_it.o
CAN1_RX1_IRQHandler                               build/startup_stm32f103xb.o
CAN1_SCE_IRQHandler                               build/startup_stm32f103xb.o
DMA1_Channel1_IRQHandler                          build/startup_stm32f103xb.o
DMA1_Channel2_IRQHandler                          build/startup_stm32f103xb.o
DMA1_Channel3_IRQHandler                          build/startup_stm32f103xb.o
DMA1_Channel4_IRQHandler                          build/startup_stm32f103xb.o
DMA1_Channel5_IRQHandler                          build/startup_stm32f103xb.o
DMA1_Channel6_IRQHandler                          build/startup_stm32f103xb.o
DMA1_Channel7_IRQHandler                          build/startup_stm32f103xb.o
DebugMon_Handler                                  build/stm32f1xx_it.o
Default_Handler                                   build/startup_stm32f103xb.o
EXTI0_IRQHandler                                  build/startup_stm32f103xb.o
EXTI15_10_IRQHandler                              build/stm32f1xx_it.o
EXTI1_IRQHandler                                  build/startup_stm32f103xb.o
EXTI2_IRQHandler                                  build/startup_stm32f103xb.o
EXTI3_IRQHandler                                  build/startup_stm32f103xb.o
EXTI4_IRQHandler                                  build/startup_stm32f103xb.o
EXTI9_5_IRQHandler                                build/startup_stm32f103xb.o
Error_Handler                                     build/main.o
FLASH_IRQHandler                                  build/startup_stm32f103xb.o
FLASH_PageErase                                   build/stm32f1xx_hal_flash_ex.o
                                                  build/stm32f1xx_hal_flash.o
FLASH_WaitForLastOperation                        build/stm32f1xx_hal_flash.o
                                                  build/stm32f1xx_hal_flash_ex.o
HAL_DBGMCU_DisableDBGSleepMode                    build/stm32f1xx_hal.o
HAL_DBGMCU_DisableDBGStandbyMode                  build/stm32f1xx_hal.o
HAL_DBGMCU_DisableDBGStopMode                     build/stm32f1xx_hal.o
HAL_DBGMCU_EnableDBGSleepMode                     build/stm32f1xx_hal.o
HAL_DBGMCU_EnableDBGStandbyMode                   build/stm32f1xx_hal.o
HAL_DBGMCU_EnableDBGStopMode                      build/stm32f1xx_hal.o
HAL_DMA_Abort                                     build/stm32f1xx_hal_dma.o
                                                  build/stm32f1xx_hal_uart.o
HAL_DMA_Abort_IT                                  build/stm32f1xx_hal_dma.o
                                                  build/stm32f1xx_hal_uart.o
HAL_DMA_DeInit                                    build/stm32f1xx_hal_dma.o
HAL_DMA_GetError                                  build/stm32f1xx_hal_dma.o
                                                  build/stm32f1xx_hal_uart.o
HAL_DMA_GetState                                  build/stm32f1xx_hal_dma.o
HAL_DMA_IRQHandler                                build/stm32f1xx_hal_dma.o
HAL_DMA_Init                                      build/stm32f1xx_hal_dma.o
HAL_DMA_PollForTransfer                           build/stm32f1xx_hal_dma.o
HAL_DMA_RegisterCallback                          build/stm32f1xx_hal_dma.o
HAL_DMA_Start                                     build/stm32f1xx_hal_dma.o
HAL_DMA_Start_IT                                  build/stm32f1xx_hal_dma.o
                                                  build/stm32f1xx_hal_uart.o
HAL_DMA_UnRegisterCallback                        build/stm32f1xx_hal_dma.o
HAL_DeInit                                        build/stm32f1xx_hal.o
HAL_Delay                                         build/stm32f1xx_hal.o
                                                  build/main.o
HAL_EXTI_ClearConfigLine                          build/stm32f1xx_hal_exti.o
HAL_EXTI_ClearPending                             build/stm32f1xx_hal_exti.o
HAL_EXTI_GenerateSWI                              build/stm32f1xx_hal_exti.o
HAL_EXTI_GetConfigLine                            build/stm32f1xx_hal_exti.o
HAL_EXTI_GetHandle                                build/stm32f1xx_hal_exti.o
HAL_EXTI_GetPending                               build/stm32f1xx_hal_exti.o
HAL_EXTI_IRQHandler                               build/stm32f1xx_hal_exti.o
HAL_EXTI_RegisterCallback                         build/stm32f1xx_hal_exti.o
HAL_EXTI_SetConfigLine                            build/stm32f1xx_hal_exti.o
HAL_FLASHEx_Erase                                 build/stm32f1xx_hal_flash_ex.o
HAL_FLASHEx_Erase_IT                              build/stm32f1xx_hal_flash_ex.o
HAL_FLASHEx_OBErase                               build/stm32f1xx_hal_flash_ex.o
HAL_FLASHEx_OBGetConfig                           build/stm32f1xx_hal_flash_ex.o
HAL_FLASHEx_OBGetUserData                         build/stm32f1xx_hal_flash_ex.o
HAL_FLASHEx_OBProgram                             build/stm32f1xx_hal_flash_ex.o
HAL_FLASH_EndOfOperationCallback                  build/stm32f1xx_hal_flash.o
HAL_FLASH_GetError                                build/stm32f1xx_hal_flash.o
HAL_FLASH_IRQHandler                              build/stm32f1xx_hal_flash.o
HAL_FLASH_Lock                                    build/stm32f1xx_hal_flash.o
HAL_FLASH_OB_Launch                               build/stm32f1xx_hal_flash.o
HAL_FLASH_OB_Lock                                 build/stm32f1xx_hal_flash.o
HAL_FLASH_OB_Unlock                               build/stm32f1xx_hal_flash.o
HAL_FLASH_OperationErrorCallback                  build/stm32f1xx_hal_flash.o
HAL_FLASH_Program                                 build/stm32f1xx_hal_flash.o
HAL_FLASH_Program_IT                              build/stm32f1xx_hal_flash.o
HAL_FLASH_Unlock                                  build/stm32f1xx_hal_flash.o
HAL_GPIOEx_ConfigEventout                         build/stm32f1xx_hal_gpio_ex.o
HAL_GPIOEx_DisableEventout                        build/stm32f1xx_hal_gpio_ex.o
HAL_GPIOEx_EnableEventout                         build/stm32f1xx_hal_gpio_ex.o
HAL_GPIO_DeInit                                   build/stm32f1xx_hal_gpio.o
                                                  build/stm32f1xx_hal_msp.o
HAL_GPIO_EXTI_Callback                            build/stm32f1xx_hal_gpio.o
HAL_GPIO_EXTI_IRQHandler                          build/stm32f1xx_hal_gpio.o
                                                  build/stm32f1xx_it.o
HAL_GPIO_Init                                     build/stm32f1xx_hal_gpio.o
                                                  build/stm32f1xx_hal_rcc.o
                                                  build/stm32f1xx_hal_msp.o
                                                  build/main.o
HAL_GPIO_LockPin                                  build/stm32f1xx_hal_gpio.o
HAL_GPIO_ReadPin                                  build/stm32f1xx_hal_gpio.o
HAL_GPIO_TogglePin                                build/stm32f1xx_hal_gpio.o
HAL_GPIO_WritePin                                 build/stm32f1xx_hal_gpio.o
                                                  build/main.o
HAL_GetDEVID                                      build/stm32f1xx_hal.o
HAL_GetHalVersion                                 build/stm32f1xx_hal.o
HAL_GetREVID                                      build/stm32f1xx_hal.o
HAL_GetTick                                       build/stm32f1xx_hal.o
                                                  build/stm32f1xx_hal_flash.o
                                                  build/stm32f1xx_hal_dma.o
                                                  build/stm32f1xx_hal_rcc_ex.o
                                                  build/stm32f1xx_hal_rcc.o
                                                  build/stm32f1xx_hal_uart.o
HAL_GetTickFreq                                   build/stm32f1xx_hal.o
HAL_GetTickPrio                                   build/stm32f1xx_hal.o
HAL_GetUIDw0                                      build/stm32f1xx_hal.o
HAL_GetUIDw1                                      build/stm32f1xx_hal.o
HAL_GetUIDw2                                      build/stm32f1xx_hal.o
HAL_HalfDuplex_EnableReceiver                     build/stm32f1xx_hal_uart.o
HAL_HalfDuplex_EnableTransmitter                  build/stm32f1xx_hal_uart.o
HAL_HalfDuplex_Init                               build/stm32f1xx_hal_uart.o
HAL_IncTick                                       build/stm32f1xx_hal.o
                                                  build/stm32f1xx_it.o
HAL_Init                                          build/stm32f1xx_hal.o
                                                  build/main.o
HAL_InitTick                                      build/stm32f1xx_hal.o
                                                  build/stm32f1xx_hal_rcc.o
HAL_LIN_Init                                      build/stm32f1xx_hal_uart.o
HAL_LIN_SendBreak                                 build/stm32f1xx_hal_uart.o
HAL_MspDeInit                                     build/stm32f1xx_hal.o
HAL_MspInit                                       build/stm32f1xx_hal_msp.o
HAL_MultiProcessor_EnterMuteMode                  build/stm32f1xx_hal_uart.o
HAL_MultiProcessor_ExitMuteMode                   build/stm32f1xx_hal_uart.o
HAL_MultiProcessor_Init                           build/stm32f1xx_hal_uart.o
HAL_NVIC_ClearPendingIRQ                          build/stm32f1xx_hal_cortex.o
HAL_NVIC_DisableIRQ                               build/stm32f1xx_hal_cortex.o
HAL_NVIC_EnableIRQ                                build/stm32f1xx_hal_cortex.o
                                                  build/main.o
HAL_NVIC_GetActive                                build/stm32f1xx_hal_cortex.o
HAL_NVIC_GetPendingIRQ                            build/stm32f1xx_hal_cortex.o
HAL_NVIC_GetPriority                              build/stm32f1xx_hal_cortex.o
HAL_NVIC_GetPriorityGrouping                      build/stm32f1xx_hal_cortex.o
HAL_NVIC_SetPendingIRQ                            build/stm32f1xx_hal_cortex.o
HAL_NVIC_SetPriority                              build/stm32f1xx_hal_cortex.o
                                                  build/stm32f1xx_hal.o
                                                  build/main.o
HAL_NVIC_SetPriorityGrouping                      build/stm32f1xx_hal_cortex.o
                                                  build/stm32f1xx_hal.o
HAL_NVIC_SystemReset                              build/stm32f1xx_hal_cortex.o
                                                  build/stm32f1xx_hal_flash.o
HAL_PWR_ConfigPVD                                 build/stm32f1xx_hal_pwr.o
HAL_PWR_DeInit                                    build/stm32f1xx_hal_pwr.o
HAL_PWR_DisableBkUpAccess                         build/stm32f1xx_hal_pwr.o
HAL_PWR_DisablePVD                                build/stm32f1xx_hal_pwr.o
HAL_PWR_DisableSEVOnPend                          build/stm32f1xx_hal_pwr.o
HAL_PWR_DisableSleepOnExit                        build/stm32f1xx_hal_pwr.o
HAL_PWR_DisableWakeUpPin                          build/stm32f1xx_hal_pwr.o
HAL_PWR_EnableBkUpAccess                          build/stm32f1xx_hal_pwr.o
HAL_PWR_EnablePVD                                 build/stm32f1xx_hal_pwr.o
HAL_PWR_EnableSEVOnPend                           build/stm32f1xx_hal_pwr.o
HAL_PWR_EnableSleepOnExit                         build/stm32f1xx_hal_pwr.o
HAL_PWR_EnableWakeUpPin                           build/stm32f1xx_hal_pwr.o
HAL_PWR_EnterSLEEPMode                            build/stm32f1xx_hal_pwr.o
HAL_PWR_EnterSTANDBYMode                          build/stm32f1xx_hal_pwr.o
HAL_PWR_EnterSTOPMode                             build/stm32f1xx_hal_pwr.o
HAL_PWR_PVDCallback                               build/stm32f1xx_hal_pwr.o
HAL_PWR_PVD_IRQHandler                            build/stm32f1xx_hal_pwr.o
HAL_RCCEx_GetPeriphCLKConfig                      build/stm32f1xx_hal_rcc_ex.o
HAL_RCCEx_GetPeriphCLKFreq                        build/stm32f1xx_hal_rcc_ex.o
HAL_RCCEx_PeriphCLKConfig                         build/stm32f1xx_hal_rcc_ex.o
HAL_RCC_CSSCallback                               build/stm32f1xx_hal_rcc.o
HAL_RCC_ClockConfig                               build/stm32f1xx_hal_rcc.o
                                                  build/main.o
HAL_RCC_DeInit                                    build/stm32f1xx_hal_rcc.o
HAL_RCC_DisableCSS                                build/stm32f1xx_hal_rcc.o
HAL_RCC_EnableCSS                                 build/stm32f1xx_hal_rcc.o
HAL_RCC_GetClockConfig                            build/stm32f1xx_hal_rcc.o
HAL_RCC_GetHCLKFreq                               build/stm32f1xx_hal_rcc.o
HAL_RCC_GetOscConfig                              build/stm32f1xx_hal_rcc.o
HAL_RCC_GetPCLK1Freq                              build/stm32f1xx_hal_rcc.o
                                                  build/stm32f1xx_hal_uart.o
HAL_RCC_GetPCLK2Freq                              build/stm32f1xx_hal_rcc.o
                                                  build/stm32f1xx_hal_rcc_ex.o
                                                  build/stm32f1xx_hal_uart.o
HAL_RCC_GetSysClockFreq                           build/stm32f1xx_hal_rcc.o
HAL_RCC_MCOConfig                                 build/stm32f1xx_hal_rcc.o
HAL_RCC_NMI_IRQHandler                            build/stm32f1xx_hal_rcc.o
HAL_RCC_OscConfig                                 build/stm32f1xx_hal_rcc.o
                                                  build/main.o
HAL_ResumeTick                                    build/stm32f1xx_hal.o
HAL_SYSTICK_CLKSourceConfig                       build/stm32f1xx_hal_cortex.o
HAL_SYSTICK_Callback                              build/stm32f1xx_hal_cortex.o
HAL_SYSTICK_Config                                build/stm32f1xx_hal_cortex.o
                                                  build/stm32f1xx_hal.o
HAL_SYSTICK_IRQHandler                            build/stm32f1xx_hal_cortex.o
HAL_SetTickFreq                                   build/stm32f1xx_hal.o
HAL_SuspendTick                                   build/stm32f1xx_hal.o
HAL_UART_Abort                                    build/stm32f1xx_hal_uart.o
HAL_UART_AbortCpltCallback                        build/stm32f1xx_hal_uart.o
HAL_UART_AbortReceive                             build/stm32f1xx_hal_uart.o
HAL_UART_AbortReceiveCpltCallback                 build/stm32f1xx_hal_uart.o
HAL_UART_AbortReceive_IT                          build/stm32f1xx_hal_uart.o
HAL_UART_AbortTransmit                            build/stm32f1xx_hal_uart.o
HAL_UART_AbortTransmitCpltCallback                build/stm32f1xx_hal_uart.o
HAL_UART_AbortTransmit_IT                         build/stm32f1xx_hal_uart.o
HAL_UART_Abort_IT                                 build/stm32f1xx_hal_uart.o
HAL_UART_DMAPause                                 build/stm32f1xx_hal_uart.o
HAL_UART_DMAResume                                build/stm32f1xx_hal_uart.o
HAL_UART_DMAStop                                  build/stm32f1xx_hal_uart.o
HAL_UART_DeInit                                   build/stm32f1xx_hal_uart.o
HAL_UART_ErrorCallback                            build/stm32f1xx_hal_uart.o
HAL_UART_GetError                                 build/stm32f1xx_hal_uart.o
HAL_UART_GetState                                 build/stm32f1xx_hal_uart.o
HAL_UART_IRQHandler                               build/stm32f1xx_hal_uart.o
HAL_UART_Init                                     build/stm32f1xx_hal_uart.o
                                                  build/main.o
HAL_UART_MspDeInit                                build/stm32f1xx_hal_msp.o
HAL_UART_MspInit                                  build/stm32f1xx_hal_msp.o
HAL_UART_Receive                                  build/stm32f1xx_hal_uart.o
HAL_UART_Receive_DMA                              build/stm32f1xx_hal_uart.o
HAL_UART_Receive_IT                               build/stm32f1xx_hal_uart.o
HAL_UART_RxCpltCallback                           build/stm32f1xx_hal_uart.o
HAL_UART_RxHalfCpltCallback                       build/stm32f1xx_hal_uart.o
HAL_UART_Transmit                                 build/stm32f1xx_hal_uart.o
HAL_UART_Transmit_DMA                             build/stm32f1xx_hal_uart.o
HAL_UART_Transmit_IT                              build/stm32f1xx_hal_uart.o
HAL_UART_TxCpltCallback                           build/stm32f1xx_hal_uart.o
HAL_UART_TxHalfCpltCallback                       build/stm32f1xx_hal_uart.o
HardFault_Handler                                 build/stm32f1xx_it.o
I2C1_ER_IRQHandler                                build/startup_stm32f103xb.o
I2C1_EV_IRQHandler                                build/startup_stm32f103xb.o
I2C2_ER_IRQHandler                                build/startup_stm32f103xb.o
I2C2_EV_IRQHandler                                build/startup_stm32f103xb.o
MemManage_Handler                                 build/stm32f1xx_it.o
NMI_Handler                                       build/stm32f1xx_it.o
PVD_IRQHandler                                    build/startup_stm32f103xb.o
PendSV_Handler                                    build/stm32f1xx_it.o
RCC_IRQHandler                                    build/startup_stm32f103xb.o
RTC_Alarm_IRQHandler                              build/startup_stm32f103xb.o
RTC_IRQHandler                                    build/startup_stm32f103xb.o
Reset_Handler                                     build/startup_stm32f103xb.o
SPI1_IRQHandler                                   build/startup_stm32f103xb.o
SPI2_IRQHandler                                   build/startup_stm32f103xb.o
SVC_Handler                                       build/stm32f1xx_it.o
SysTick_Handler                                   build/stm32f1xx_it.o
SystemClock_Config                                build/main.o
SystemCoreClock                                   build/system_stm32f1xx.o
                                                  build/stm32f1xx_hal_rcc.o
                                                  build/stm32f1xx_hal.o
SystemCoreClockUpdate                             build/system_stm32f1xx.o
SystemInit                                        build/system_stm32f1xx.o
                                                  build/startup_stm32f103xb.o
TAMPER_IRQHandler                                 build/startup_stm32f103xb.o
TIM1_BRK_IRQHandler                               build/startup_stm32f103xb.o
TIM1_CC_IRQHandler                                build/startup_stm32f103xb.o
TIM1_TRG_COM_IRQHandler                           build/startup_stm32f103xb.o
TIM1_UP_IRQHandler                                build/startup_stm32f103xb.o
TIM2_IRQHandler                                   build/startup_stm32f103xb.o
TIM3_IRQHandler                                   build/startup_stm32f103xb.o
TIM4_IRQHandler                                   build/startup_stm32f103xb.o
USART1_IRQHandler                                 build/startup_stm32f103xb.o
USART2_IRQHandler                                 build/startup_stm32f103xb.o
USART3_IRQHandler                                 build/startup_stm32f103xb.o
USBWakeUp_IRQHandler                              build/startup_stm32f103xb.o
USB_HP_CAN1_TX_IRQHandler                         build/startup_stm32f103xb.o
USB_LP_CAN1_RX0_IRQHandler                        build/startup_stm32f103xb.o
UsageFault_Handler                                build/stm32f1xx_it.o
WWDG_IRQHandler                                   build/startup_stm32f103xb.o
__bss_end__                                       c:/users/dj6dvj/myfiles/programming/tools/arm_gnu_toolchain/gcc-arm-none-eabi-10-2020-q4-major/bin/../lib/gcc/arm-none-eabi/10.2.1/../../../../arm-none-eabi/lib/thumb/v7-m/nofp/crt0.o
__bss_start__                                     c:/users/dj6dvj/myfiles/programming/tools/arm_gnu_toolchain/gcc-arm-none-eabi-10-2020-q4-major/bin/../lib/gcc/arm-none-eabi/10.2.1/../../../../arm-none-eabi/lib/thumb/v7-m/nofp/crt0.o
__call_exitprocs                                  c:/users/dj6dvj/myfiles/programming/tools/arm_gnu_toolchain/gcc-arm-none-eabi-10-2020-q4-major/bin/../lib/gcc/arm-none-eabi/10.2.1/../../../../arm-none-eabi/lib/thumb/v7-m/nofp\libc_nano.a(lib_a-exit.o)
__deregister_frame_info                           c:/users/dj6dvj/myfiles/programming/tools/arm_gnu_toolchain/gcc-arm-none-eabi-10-2020-q4-major/bin/../lib/gcc/arm-none-eabi/10.2.1/thumb/v7-m/nofp/crtbegin.o
__dso_handle                                      c:/users/dj6dvj/myfiles/programming/tools/arm_gnu_toolchain/gcc-arm-none-eabi-10-2020-q4-major/bin/../lib/gcc/arm-none-eabi/10.2.1/thumb/v7-m/nofp/crtbegin.o
__init_array_end                                  c:/users/dj6dvj/myfiles/programming/tools/arm_gnu_toolchain/gcc-arm-none-eabi-10-2020-q4-major/bin/../lib/gcc/arm-none-eabi/10.2.1/../../../../arm-none-eabi/lib/thumb/v7-m/nofp\libc_nano.a(lib_a-init.o)
__init_array_start                                c:/users/dj6dvj/myfiles/programming/tools/arm_gnu_toolchain/gcc-arm-none-eabi-10-2020-q4-major/bin/../lib/gcc/arm-none-eabi/10.2.1/../../../../arm-none-eabi/lib/thumb/v7-m/nofp\libc_nano.a(lib_a-init.o)
__libc_fini_array                                 c:/users/dj6dvj/myfiles/programming/tools/arm_gnu_toolchain/gcc-arm-none-eabi-10-2020-q4-major/bin/../lib/gcc/arm-none-eabi/10.2.1/../../../../arm-none-eabi/lib/thumb/v7-m/nofp/crt0.o
__libc_init_array                                 c:/users/dj6dvj/myfiles/programming/tools/arm_gnu_toolchain/gcc-arm-none-eabi-10-2020-q4-major/bin/../lib/gcc/arm-none-eabi/10.2.1/../../../../arm-none-eabi/lib/thumb/v7-m/nofp\libc_nano.a(lib_a-init.o)
                                                  build/startup_stm32f103xb.o
                                                  c:/users/dj6dvj/myfiles/programming/tools/arm_gnu_toolchain/gcc-arm-none-eabi-10-2020-q4-major/bin/../lib/gcc/arm-none-eabi/10.2.1/../../../../arm-none-eabi/lib/thumb/v7-m/nofp/crt0.o
__preinit_array_end                               c:/users/dj6dvj/myfiles/programming/tools/arm_gnu_toolchain/gcc-arm-none-eabi-10-2020-q4-major/bin/../lib/gcc/arm-none-eabi/10.2.1/../../../../arm-none-eabi/lib/thumb/v7-m/nofp\libc_nano.a(lib_a-init.o)
__preinit_array_start                             c:/users/dj6dvj/myfiles/programming/tools/arm_gnu_toolchain/gcc-arm-none-eabi-10-2020-q4-major/bin/../lib/gcc/arm-none-eabi/10.2.1/../../../../arm-none-eabi/lib/thumb/v7-m/nofp\libc_nano.a(lib_a-init.o)
__register_frame_info                             c:/users/dj6dvj/myfiles/programming/tools/arm_gnu_toolchain/gcc-arm-none-eabi-10-2020-q4-major/bin/../lib/gcc/arm-none-eabi/10.2.1/thumb/v7-m/nofp/crtbegin.o
__sf_fake_stderr                                  c:/users/dj6dvj/myfiles/programming/tools/arm_gnu_toolchain/gcc-arm-none-eabi-10-2020-q4-major/bin/../lib/gcc/arm-none-eabi/10.2.1/../../../../arm-none-eabi/lib/thumb/v7-m/nofp\libc_nano.a(lib_a-impure.o)
__sf_fake_stdin                                   c:/users/dj6dvj/myfiles/programming/tools/arm_gnu_toolchain/gcc-arm-none-eabi-10-2020-q4-major/bin/../lib/gcc/arm-none-eabi/10.2.1/../../../../arm-none-eabi/lib/thumb/v7-m/nofp\libc_nano.a(lib_a-impure.o)
__sf_fake_stdout                                  c:/users/dj6dvj/myfiles/programming/tools/arm_gnu_toolchain/gcc-arm-none-eabi-10-2020-q4-major/bin/../lib/gcc/arm-none-eabi/10.2.1/../../../../arm-none-eabi/lib/thumb/v7-m/nofp\libc_nano.a(lib_a-impure.o)
__stack                                           c:/users/dj6dvj/myfiles/programming/tools/arm_gnu_toolchain/gcc-arm-none-eabi-10-2020-q4-major/bin/../lib/gcc/arm-none-eabi/10.2.1/../../../../arm-none-eabi/lib/thumb/v7-m/nofp/crt0.o
_ebss                                             build/startup_stm32f103xb.o
_edata                                            build/startup_stm32f103xb.o
_estack                                           build/startup_stm32f103xb.o
_exit                                             c:/users/dj6dvj/myfiles/programming/tools/arm_gnu_toolchain/gcc-arm-none-eabi-10-2020-q4-major/bin/../lib/gcc/arm-none-eabi/10.2.1/../../../../arm-none-eabi/lib/thumb/v7-m/nofp\libnosys.a(_exit.o)
                                                  c:/users/dj6dvj/myfiles/programming/tools/arm_gnu_toolchain/gcc-arm-none-eabi-10-2020-q4-major/bin/../lib/gcc/arm-none-eabi/10.2.1/../../../../arm-none-eabi/lib/thumb/v7-m/nofp\libc_nano.a(lib_a-exit.o)
_fini                                             c:/users/dj6dvj/myfiles/programming/tools/arm_gnu_toolchain/gcc-arm-none-eabi-10-2020-q4-major/bin/../lib/gcc/arm-none-eabi/10.2.1/thumb/v7-m/nofp/crti.o
_global_impure_ptr                                c:/users/dj6dvj/myfiles/programming/tools/arm_gnu_toolchain/gcc-arm-none-eabi-10-2020-q4-major/bin/../lib/gcc/arm-none-eabi/10.2.1/../../../../arm-none-eabi/lib/thumb/v7-m/nofp\libc_nano.a(lib_a-impure.o)
                                                  c:/users/dj6dvj/myfiles/programming/tools/arm_gnu_toolchain/gcc-arm-none-eabi-10-2020-q4-major/bin/../lib/gcc/arm-none-eabi/10.2.1/../../../../arm-none-eabi/lib/thumb/v7-m/nofp\libc_nano.a(lib_a-exit.o)
_impure_ptr                                       c:/users/dj6dvj/myfiles/programming/tools/arm_gnu_toolchain/gcc-arm-none-eabi-10-2020-q4-major/bin/../lib/gcc/arm-none-eabi/10.2.1/../../../../arm-none-eabi/lib/thumb/v7-m/nofp\libc_nano.a(lib_a-impure.o)
_init                                             c:/users/dj6dvj/myfiles/programming/tools/arm_gnu_toolchain/gcc-arm-none-eabi-10-2020-q4-major/bin/../lib/gcc/arm-none-eabi/10.2.1/thumb/v7-m/nofp/crti.o
                                                  c:/users/dj6dvj/myfiles/programming/tools/arm_gnu_toolchain/gcc-arm-none-eabi-10-2020-q4-major/bin/../lib/gcc/arm-none-eabi/10.2.1/../../../../arm-none-eabi/lib/thumb/v7-m/nofp\libc_nano.a(lib_a-init.o)
_mainCRTStartup                                   c:/users/dj6dvj/myfiles/programming/tools/arm_gnu_toolchain/gcc-arm-none-eabi-10-2020-q4-major/bin/../lib/gcc/arm-none-eabi/10.2.1/../../../../arm-none-eabi/lib/thumb/v7-m/nofp/crt0.o
_sbss                                             build/startup_stm32f103xb.o
_sdata                                            build/startup_stm32f103xb.o
_sidata                                           build/startup_stm32f103xb.o
_stack_init                                       c:/users/dj6dvj/myfiles/programming/tools/arm_gnu_toolchain/gcc-arm-none-eabi-10-2020-q4-major/bin/../lib/gcc/arm-none-eabi/10.2.1/../../../../arm-none-eabi/lib/thumb/v7-m/nofp/crt0.o
_start                                            c:/users/dj6dvj/myfiles/programming/tools/arm_gnu_toolchain/gcc-arm-none-eabi-10-2020-q4-major/bin/../lib/gcc/arm-none-eabi/10.2.1/../../../../arm-none-eabi/lib/thumb/v7-m/nofp/crt0.o
atexit                                            c:/users/dj6dvj/myfiles/programming/tools/arm_gnu_toolchain/gcc-arm-none-eabi-10-2020-q4-major/bin/../lib/gcc/arm-none-eabi/10.2.1/../../../../arm-none-eabi/lib/thumb/v7-m/nofp/crt0.o
exit                                              c:/users/dj6dvj/myfiles/programming/tools/arm_gnu_toolchain/gcc-arm-none-eabi-10-2020-q4-major/bin/../lib/gcc/arm-none-eabi/10.2.1/../../../../arm-none-eabi/lib/thumb/v7-m/nofp\libc_nano.a(lib_a-exit.o)
                                                  c:/users/dj6dvj/myfiles/programming/tools/arm_gnu_toolchain/gcc-arm-none-eabi-10-2020-q4-major/bin/../lib/gcc/arm-none-eabi/10.2.1/../../../../arm-none-eabi/lib/thumb/v7-m/nofp/crt0.o
g_pfnVectors                                      build/startup_stm32f103xb.o
hardware_init_hook                                c:/users/dj6dvj/myfiles/programming/tools/arm_gnu_toolchain/gcc-arm-none-eabi-10-2020-q4-major/bin/../lib/gcc/arm-none-eabi/10.2.1/../../../../arm-none-eabi/lib/thumb/v7-m/nofp/crt0.o
huart2                                            build/main.o
main                                              build/main.o
                                                  build/startup_stm32f103xb.o
                                                  c:/users/dj6dvj/myfiles/programming/tools/arm_gnu_toolchain/gcc-arm-none-eabi-10-2020-q4-major/bin/../lib/gcc/arm-none-eabi/10.2.1/../../../../arm-none-eabi/lib/thumb/v7-m/nofp/crt0.o
memset                                            c:/users/dj6dvj/myfiles/programming/tools/arm_gnu_toolchain/gcc-arm-none-eabi-10-2020-q4-major/bin/../lib/gcc/arm-none-eabi/10.2.1/../../../../arm-none-eabi/lib/thumb/v7-m/nofp\libc_nano.a(lib_a-memset.o)
                                                  build/main.o
                                                  c:/users/dj6dvj/myfiles/programming/tools/arm_gnu_toolchain/gcc-arm-none-eabi-10-2020-q4-major/bin/../lib/gcc/arm-none-eabi/10.2.1/../../../../arm-none-eabi/lib/thumb/v7-m/nofp/crt0.o
pFlash                                            build/stm32f1xx_hal_flash.o
                                                  build/stm32f1xx_hal_flash_ex.o
software_init_hook                                c:/users/dj6dvj/myfiles/programming/tools/arm_gnu_toolchain/gcc-arm-none-eabi-10-2020-q4-major/bin/../lib/gcc/arm-none-eabi/10.2.1/../../../../arm-none-eabi/lib/thumb/v7-m/nofp/crt0.o
uwTick                                            build/stm32f1xx_hal.o
uwTickFreq                                        build/stm32f1xx_hal.o
uwTickPrio                                        build/stm32f1xx_hal.o
                                                  build/stm32f1xx_hal_rcc.o
